[1/246] Building CXX object libcef_dll_wrapper/CMakeFiles/libcef_dll_wrapper.dir/base/cef_dump_without_crashing.cc.o
[2/246] Building CXX object libcef_dll_wrapper/CMakeFiles/libcef_dll_wrapper.dir/base/cef_atomic_flag.cc.o
[3/246] Building CXX object libcef_dll_wrapper/CMakeFiles/libcef_dll_wrapper.dir/base/cef_lock.cc.o
[4/246] Building CXX object libcef_dll_wrapper/CMakeFiles/libcef_dll_wrapper.dir/shutdown_checker.cc.o
[5/246] Building CXX object libcef_dll_wrapper/CMakeFiles/libcef_dll_wrapper.dir/base/cef_callback_internal.cc.o
[6/246] Building CXX object libcef_dll_wrapper/CMakeFiles/libcef_dll_wrapper.dir/base/cef_callback_helpers.cc.o
[7/246] Building CXX object libcef_dll_wrapper/CMakeFiles/libcef_dll_wrapper.dir/transfer_util.cc.o
[8/246] Building CXX object libcef_dll_wrapper/CMakeFiles/libcef_dll_wrapper.dir/base/cef_lock_impl.cc.o
[9/246] Building CXX object libcef_dll_wrapper/CMakeFiles/libcef_dll_wrapper.dir/base/cef_thread_checker_impl.cc.o
[10/246] Building CXX object libcef_dll_wrapper/CMakeFiles/libcef_dll_wrapper.dir/base/cef_ref_counted.cc.o
[11/246] Building CXX object libcef_dll_wrapper/CMakeFiles/libcef_dll_wrapper.dir/base/cef_weak_ptr.cc.o
[12/246] Building CXX object libcef_dll_wrapper/CMakeFiles/libcef_dll_wrapper.dir/base/cef_logging.cc.o
[13/246] Building CXX object libcef_dll_wrapper/CMakeFiles/libcef_dll_wrapper.dir/cpptoc/accessibility_handler_cpptoc.cc.o
[14/246] Building CXX object libcef_dll_wrapper/CMakeFiles/libcef_dll_wrapper.dir/cpptoc/base_scoped_cpptoc.cc.o
[15/246] Building CXX object libcef_dll_wrapper/CMakeFiles/libcef_dll_wrapper.dir/cpptoc/base_ref_counted_cpptoc.cc.o
[16/246] Building CXX object libcef_dll_wrapper/CMakeFiles/libcef_dll_wrapper.dir/cpptoc/audio_handler_cpptoc.cc.o
[17/246] Building CXX object libcef_dll_wrapper/CMakeFiles/libcef_dll_wrapper.dir/cpptoc/app_cpptoc.cc.o
[18/246] Building CXX object libcef_dll_wrapper/CMakeFiles/libcef_dll_wrapper.dir/cpptoc/browser_process_handler_cpptoc.cc.o
[19/246] Building CXX object libcef_dll_wrapper/CMakeFiles/libcef_dll_wrapper.dir/cpptoc/client_cpptoc.cc.o
[20/246] Building CXX object libcef_dll_wrapper/CMakeFiles/libcef_dll_wrapper.dir/cpptoc/component_update_callback_cpptoc.cc.o
[21/246] Building CXX object libcef_dll_wrapper/CMakeFiles/libcef_dll_wrapper.dir/cpptoc/completion_callback_cpptoc.cc.o
[22/246] Building CXX object libcef_dll_wrapper/CMakeFiles/libcef_dll_wrapper.dir/cpptoc/command_handler_cpptoc.cc.o
[23/246] Building CXX object libcef_dll_wrapper/CMakeFiles/libcef_dll_wrapper.dir/cpptoc/context_menu_handler_cpptoc.cc.o
[24/246] Building CXX object libcef_dll_wrapper/CMakeFiles/libcef_dll_wrapper.dir/cpptoc/cookie_visitor_cpptoc.cc.o
[25/246] Building CXX object libcef_dll_wrapper/CMakeFiles/libcef_dll_wrapper.dir/cpptoc/cookie_access_filter_cpptoc.cc.o
[26/246] Building CXX object libcef_dll_wrapper/CMakeFiles/libcef_dll_wrapper.dir/cpptoc/dev_tools_message_observer_cpptoc.cc.o
[27/246] Building CXX object libcef_dll_wrapper/CMakeFiles/libcef_dll_wrapper.dir/cpptoc/delete_cookies_callback_cpptoc.cc.o
[28/246] Building CXX object libcef_dll_wrapper/CMakeFiles/libcef_dll_wrapper.dir/cpptoc/dialog_handler_cpptoc.cc.o
[29/246] Building CXX object libcef_dll_wrapper/CMakeFiles/libcef_dll_wrapper.dir/cpptoc/domvisitor_cpptoc.cc.o
[30/246] Building CXX object libcef_dll_wrapper/CMakeFiles/libcef_dll_wrapper.dir/cpptoc/display_handler_cpptoc.cc.o
[31/246] Building CXX object libcef_dll_wrapper/CMakeFiles/libcef_dll_wrapper.dir/cpptoc/download_handler_cpptoc.cc.o
[32/246] Building CXX object libcef_dll_wrapper/CMakeFiles/libcef_dll_wrapper.dir/cpptoc/download_image_callback_cpptoc.cc.o
[33/246] Building CXX object libcef_dll_wrapper/CMakeFiles/libcef_dll_wrapper.dir/cpptoc/end_tracing_callback_cpptoc.cc.o
[34/246] Building CXX object libcef_dll_wrapper/CMakeFiles/libcef_dll_wrapper.dir/cpptoc/drag_handler_cpptoc.cc.o
[35/246] Building CXX object libcef_dll_wrapper/CMakeFiles/libcef_dll_wrapper.dir/cpptoc/find_handler_cpptoc.cc.o
[36/246] Building CXX object libcef_dll_wrapper/CMakeFiles/libcef_dll_wrapper.dir/cpptoc/focus_handler_cpptoc.cc.o
[37/246] Building CXX object libcef_dll_wrapper/CMakeFiles/libcef_dll_wrapper.dir/cpptoc/frame_handler_cpptoc.cc.o
[38/246] Building CXX object libcef_dll_wrapper/CMakeFiles/libcef_dll_wrapper.dir/cpptoc/jsdialog_handler_cpptoc.cc.o
[39/246] Building CXX object libcef_dll_wrapper/CMakeFiles/libcef_dll_wrapper.dir/cpptoc/keyboard_handler_cpptoc.cc.o
[40/246] Building CXX object libcef_dll_wrapper/CMakeFiles/libcef_dll_wrapper.dir/cpptoc/life_span_handler_cpptoc.cc.o
[41/246] Building CXX object libcef_dll_wrapper/CMakeFiles/libcef_dll_wrapper.dir/cpptoc/load_handler_cpptoc.cc.o
[42/246] Building CXX object libcef_dll_wrapper/CMakeFiles/libcef_dll_wrapper.dir/cpptoc/media_observer_cpptoc.cc.o
[43/246] Building CXX object libcef_dll_wrapper/CMakeFiles/libcef_dll_wrapper.dir/cpptoc/media_route_create_callback_cpptoc.cc.o
[44/246] Building CXX object libcef_dll_wrapper/CMakeFiles/libcef_dll_wrapper.dir/cpptoc/media_sink_device_info_callback_cpptoc.cc.o
[45/246] Building CXX object libcef_dll_wrapper/CMakeFiles/libcef_dll_wrapper.dir/cpptoc/menu_model_delegate_cpptoc.cc.o
[46/246] Building CXX object libcef_dll_wrapper/CMakeFiles/libcef_dll_wrapper.dir/cpptoc/navigation_entry_visitor_cpptoc.cc.o
[47/246] Building CXX object libcef_dll_wrapper/CMakeFiles/libcef_dll_wrapper.dir/cpptoc/pdf_print_callback_cpptoc.cc.o
[48/246] Building CXX object libcef_dll_wrapper/CMakeFiles/libcef_dll_wrapper.dir/cpptoc/preference_observer_cpptoc.cc.o
[49/246] Building CXX object libcef_dll_wrapper/CMakeFiles/libcef_dll_wrapper.dir/cpptoc/permission_handler_cpptoc.cc.o
[50/246] Building CXX object libcef_dll_wrapper/CMakeFiles/libcef_dll_wrapper.dir/cpptoc/print_handler_cpptoc.cc.o
[51/246] Building CXX object libcef_dll_wrapper/CMakeFiles/libcef_dll_wrapper.dir/cpptoc/read_handler_cpptoc.cc.o
[52/246] Building CXX object libcef_dll_wrapper/CMakeFiles/libcef_dll_wrapper.dir/cpptoc/render_handler_cpptoc.cc.o
[53/246] Building CXX object libcef_dll_wrapper/CMakeFiles/libcef_dll_wrapper.dir/cpptoc/request_context_handler_cpptoc.cc.o
[54/246] Building CXX object libcef_dll_wrapper/CMakeFiles/libcef_dll_wrapper.dir/cpptoc/render_process_handler_cpptoc.cc.o
[55/246] Building CXX object libcef_dll_wrapper/CMakeFiles/libcef_dll_wrapper.dir/cpptoc/request_handler_cpptoc.cc.o
[56/246] Building CXX object libcef_dll_wrapper/CMakeFiles/libcef_dll_wrapper.dir/cpptoc/resolve_callback_cpptoc.cc.o
[57/246] Building CXX object libcef_dll_wrapper/CMakeFiles/libcef_dll_wrapper.dir/cpptoc/resource_bundle_handler_cpptoc.cc.o
[58/246] Building CXX object libcef_dll_wrapper/CMakeFiles/libcef_dll_wrapper.dir/cpptoc/response_filter_cpptoc.cc.o
[59/246] Building CXX object libcef_dll_wrapper/CMakeFiles/libcef_dll_wrapper.dir/cpptoc/resource_handler_cpptoc.cc.o
[60/246] Building CXX object libcef_dll_wrapper/CMakeFiles/libcef_dll_wrapper.dir/cpptoc/resource_request_handler_cpptoc.cc.o
[61/246] Building CXX object libcef_dll_wrapper/CMakeFiles/libcef_dll_wrapper.dir/cpptoc/run_file_dialog_callback_cpptoc.cc.o
[62/246] Building CXX object libcef_dll_wrapper/CMakeFiles/libcef_dll_wrapper.dir/cpptoc/scheme_handler_factory_cpptoc.cc.o
[63/246] Building CXX object libcef_dll_wrapper/CMakeFiles/libcef_dll_wrapper.dir/cpptoc/server_handler_cpptoc.cc.o
[64/246] Building CXX object libcef_dll_wrapper/CMakeFiles/libcef_dll_wrapper.dir/cpptoc/set_cookie_callback_cpptoc.cc.o
[65/246] Building CXX object libcef_dll_wrapper/CMakeFiles/libcef_dll_wrapper.dir/cpptoc/setting_observer_cpptoc.cc.o
[66/246] Building CXX object libcef_dll_wrapper/CMakeFiles/libcef_dll_wrapper.dir/cpptoc/string_visitor_cpptoc.cc.o
[67/246] Building CXX object libcef_dll_wrapper/CMakeFiles/libcef_dll_wrapper.dir/cpptoc/task_cpptoc.cc.o
[68/246] Building CXX object libcef_dll_wrapper/CMakeFiles/libcef_dll_wrapper.dir/cpptoc/urlrequest_client_cpptoc.cc.o
[69/246] Building CXX object libcef_dll_wrapper/CMakeFiles/libcef_dll_wrapper.dir/cpptoc/v8_accessor_cpptoc.cc.o
[70/246] Building CXX object libcef_dll_wrapper/CMakeFiles/libcef_dll_wrapper.dir/cpptoc/v8_array_buffer_release_callback_cpptoc.cc.o
[71/246] Building CXX object libcef_dll_wrapper/CMakeFiles/libcef_dll_wrapper.dir/cpptoc/v8_interceptor_cpptoc.cc.o
[72/246] Building CXX object libcef_dll_wrapper/CMakeFiles/libcef_dll_wrapper.dir/cpptoc/v8_handler_cpptoc.cc.o
[73/246] Building CXX object libcef_dll_wrapper/CMakeFiles/libcef_dll_wrapper.dir/cpptoc/write_handler_cpptoc.cc.o
[74/246] Building CXX object libcef_dll_wrapper/CMakeFiles/libcef_dll_wrapper.dir/cpptoc/test/api_version_test_ref_ptr_client_child_cpptoc.cc.o
[75/246] Building CXX object libcef_dll_wrapper/CMakeFiles/libcef_dll_wrapper.dir/cpptoc/test/api_version_test_ref_ptr_client_child_v2_cpptoc.cc.o
[76/246] Building CXX object libcef_dll_wrapper/CMakeFiles/libcef_dll_wrapper.dir/cpptoc/test/api_version_test_scoped_client_child_cpptoc.cc.o
[77/246] Building CXX object libcef_dll_wrapper/CMakeFiles/libcef_dll_wrapper.dir/cpptoc/test/api_version_test_ref_ptr_client_cpptoc.cc.o
[78/246] Building CXX object libcef_dll_wrapper/CMakeFiles/libcef_dll_wrapper.dir/cpptoc/test/api_version_test_scoped_client_child_v2_cpptoc.cc.o
[79/246] Building CXX object libcef_dll_wrapper/CMakeFiles/libcef_dll_wrapper.dir/cpptoc/test/api_version_test_scoped_client_cpptoc.cc.o
[80/246] Building CXX object libcef_dll_wrapper/CMakeFiles/libcef_dll_wrapper.dir/cpptoc/test/translator_test_ref_ptr_client_child_cpptoc.cc.o
[81/246] Building CXX object libcef_dll_wrapper/CMakeFiles/libcef_dll_wrapper.dir/cpptoc/test/test_server_handler_cpptoc.cc.o
[82/246] Building CXX object libcef_dll_wrapper/CMakeFiles/libcef_dll_wrapper.dir/cpptoc/test/translator_test_ref_ptr_client_cpptoc.cc.o
[83/246] Building CXX object libcef_dll_wrapper/CMakeFiles/libcef_dll_wrapper.dir/cpptoc/test/translator_test_scoped_client_child_cpptoc.cc.o
[84/246] Building CXX object libcef_dll_wrapper/CMakeFiles/libcef_dll_wrapper.dir/cpptoc/test/translator_test_scoped_client_cpptoc.cc.o
[85/246] Building CXX object libcef_dll_wrapper/CMakeFiles/libcef_dll_wrapper.dir/cpptoc/views/browser_view_delegate_cpptoc.cc.o
[86/246] Building CXX object libcef_dll_wrapper/CMakeFiles/libcef_dll_wrapper.dir/cpptoc/views/menu_button_delegate_cpptoc.cc.o
[87/246] Building CXX object libcef_dll_wrapper/CMakeFiles/libcef_dll_wrapper.dir/cpptoc/views/button_delegate_cpptoc.cc.o
[88/246] Building CXX object libcef_dll_wrapper/CMakeFiles/libcef_dll_wrapper.dir/cpptoc/views/textfield_delegate_cpptoc.cc.o
[89/246] Building CXX object libcef_dll_wrapper/CMakeFiles/libcef_dll_wrapper.dir/cpptoc/views/panel_delegate_cpptoc.cc.o
[90/246] Building CXX object libcef_dll_wrapper/CMakeFiles/libcef_dll_wrapper.dir/cpptoc/views/view_delegate_cpptoc.cc.o
[91/246] Building CXX object libcef_dll_wrapper/CMakeFiles/libcef_dll_wrapper.dir/cpptoc/views/window_delegate_cpptoc.cc.o
[92/246] Building CXX object libcef_dll_wrapper/CMakeFiles/libcef_dll_wrapper.dir/ctocpp/auth_callback_ctocpp.cc.o
[93/246] Building CXX object libcef_dll_wrapper/CMakeFiles/libcef_dll_wrapper.dir/ctocpp/before_download_callback_ctocpp.cc.o
[94/246] Building CXX object libcef_dll_wrapper/CMakeFiles/libcef_dll_wrapper.dir/ctocpp/binary_value_ctocpp.cc.o
[95/246] Building CXX object libcef_dll_wrapper/CMakeFiles/libcef_dll_wrapper.dir/ctocpp/browser_ctocpp.cc.o
[96/246] Building CXX object libcef_dll_wrapper/CMakeFiles/libcef_dll_wrapper.dir/ctocpp/callback_ctocpp.cc.o
[97/246] Building CXX object libcef_dll_wrapper/CMakeFiles/libcef_dll_wrapper.dir/ctocpp/browser_host_ctocpp.cc.o
[98/246] Building CXX object libcef_dll_wrapper/CMakeFiles/libcef_dll_wrapper.dir/ctocpp/component_ctocpp.cc.o
[99/246] Building CXX object libcef_dll_wrapper/CMakeFiles/libcef_dll_wrapper.dir/ctocpp/command_line_ctocpp.cc.o
[100/246] Building CXX object libcef_dll_wrapper/CMakeFiles/libcef_dll_wrapper.dir/ctocpp/component_updater_ctocpp.cc.o
[101/246] Building CXX object libcef_dll_wrapper/CMakeFiles/libcef_dll_wrapper.dir/ctocpp/cookie_manager_ctocpp.cc.o
[102/246] Building CXX object libcef_dll_wrapper/CMakeFiles/libcef_dll_wrapper.dir/ctocpp/context_menu_params_ctocpp.cc.o
[103/246] Building CXX object libcef_dll_wrapper/CMakeFiles/libcef_dll_wrapper.dir/ctocpp/dictionary_value_ctocpp.cc.o
[104/246] Building CXX object libcef_dll_wrapper/CMakeFiles/libcef_dll_wrapper.dir/ctocpp/domdocument_ctocpp.cc.o
[105/246] Building CXX object libcef_dll_wrapper/CMakeFiles/libcef_dll_wrapper.dir/ctocpp/domnode_ctocpp.cc.o
[106/246] Building CXX object libcef_dll_wrapper/CMakeFiles/libcef_dll_wrapper.dir/ctocpp/download_item_callback_ctocpp.cc.o
[107/246] Building CXX object libcef_dll_wrapper/CMakeFiles/libcef_dll_wrapper.dir/ctocpp/download_item_ctocpp.cc.o
[108/246] Building CXX object libcef_dll_wrapper/CMakeFiles/libcef_dll_wrapper.dir/ctocpp/drag_data_ctocpp.cc.o
[109/246] Building CXX object libcef_dll_wrapper/CMakeFiles/libcef_dll_wrapper.dir/ctocpp/file_dialog_callback_ctocpp.cc.o
[110/246] Building CXX object libcef_dll_wrapper/CMakeFiles/libcef_dll_wrapper.dir/ctocpp/image_ctocpp.cc.o
[111/246] Building CXX object libcef_dll_wrapper/CMakeFiles/libcef_dll_wrapper.dir/ctocpp/frame_ctocpp.cc.o
[112/246] Building CXX object libcef_dll_wrapper/CMakeFiles/libcef_dll_wrapper.dir/ctocpp/jsdialog_callback_ctocpp.cc.o
[113/246] Building CXX object libcef_dll_wrapper/CMakeFiles/libcef_dll_wrapper.dir/ctocpp/list_value_ctocpp.cc.o
[114/246] Building CXX object libcef_dll_wrapper/CMakeFiles/libcef_dll_wrapper.dir/ctocpp/media_access_callback_ctocpp.cc.o
[115/246] Building CXX object libcef_dll_wrapper/CMakeFiles/libcef_dll_wrapper.dir/ctocpp/media_route_ctocpp.cc.o
[116/246] Building CXX object libcef_dll_wrapper/CMakeFiles/libcef_dll_wrapper.dir/ctocpp/media_sink_ctocpp.cc.o
[117/246] Building CXX object libcef_dll_wrapper/CMakeFiles/libcef_dll_wrapper.dir/ctocpp/media_router_ctocpp.cc.o
[118/246] Building CXX object libcef_dll_wrapper/CMakeFiles/libcef_dll_wrapper.dir/ctocpp/media_source_ctocpp.cc.o
[119/246] Building CXX object libcef_dll_wrapper/CMakeFiles/libcef_dll_wrapper.dir/ctocpp/navigation_entry_ctocpp.cc.o
[120/246] Building CXX object libcef_dll_wrapper/CMakeFiles/libcef_dll_wrapper.dir/ctocpp/menu_model_ctocpp.cc.o
[121/246] Building CXX object libcef_dll_wrapper/CMakeFiles/libcef_dll_wrapper.dir/ctocpp/permission_prompt_callback_ctocpp.cc.o
[122/246] Building CXX object libcef_dll_wrapper/CMakeFiles/libcef_dll_wrapper.dir/ctocpp/post_data_ctocpp.cc.o
[123/246] Building CXX object libcef_dll_wrapper/CMakeFiles/libcef_dll_wrapper.dir/ctocpp/post_data_element_ctocpp.cc.o
[124/246] Building CXX object libcef_dll_wrapper/CMakeFiles/libcef_dll_wrapper.dir/ctocpp/preference_manager_ctocpp.cc.o
[125/246] Building CXX object libcef_dll_wrapper/CMakeFiles/libcef_dll_wrapper.dir/ctocpp/preference_registrar_ctocpp.cc.o
[126/246] Building CXX object libcef_dll_wrapper/CMakeFiles/libcef_dll_wrapper.dir/ctocpp/print_dialog_callback_ctocpp.cc.o
[127/246] Building CXX object libcef_dll_wrapper/CMakeFiles/libcef_dll_wrapper.dir/ctocpp/print_job_callback_ctocpp.cc.o
[128/246] Building CXX object libcef_dll_wrapper/CMakeFiles/libcef_dll_wrapper.dir/ctocpp/process_message_ctocpp.cc.o
[129/246] Building CXX object libcef_dll_wrapper/CMakeFiles/libcef_dll_wrapper.dir/ctocpp/print_settings_ctocpp.cc.o
[130/246] Building CXX object libcef_dll_wrapper/CMakeFiles/libcef_dll_wrapper.dir/ctocpp/registration_ctocpp.cc.o
[131/246] Building CXX object libcef_dll_wrapper/CMakeFiles/libcef_dll_wrapper.dir/ctocpp/request_context_ctocpp.cc.o
[132/246] Building CXX object libcef_dll_wrapper/CMakeFiles/libcef_dll_wrapper.dir/ctocpp/request_ctocpp.cc.o
[133/246] Building CXX object libcef_dll_wrapper/CMakeFiles/libcef_dll_wrapper.dir/ctocpp/resource_bundle_ctocpp.cc.o
[134/246] Building CXX object libcef_dll_wrapper/CMakeFiles/libcef_dll_wrapper.dir/ctocpp/resource_skip_callback_ctocpp.cc.o
[135/246] Building CXX object libcef_dll_wrapper/CMakeFiles/libcef_dll_wrapper.dir/ctocpp/resource_read_callback_ctocpp.cc.o
[136/246] Building CXX object libcef_dll_wrapper/CMakeFiles/libcef_dll_wrapper.dir/ctocpp/response_ctocpp.cc.o
[137/246] Building CXX object libcef_dll_wrapper/CMakeFiles/libcef_dll_wrapper.dir/ctocpp/run_context_menu_callback_ctocpp.cc.o
[138/246] Building CXX object libcef_dll_wrapper/CMakeFiles/libcef_dll_wrapper.dir/ctocpp/run_quick_menu_callback_ctocpp.cc.o
[139/246] Building CXX object libcef_dll_wrapper/CMakeFiles/libcef_dll_wrapper.dir/ctocpp/scheme_registrar_ctocpp.cc.o
[140/246] Building CXX object libcef_dll_wrapper/CMakeFiles/libcef_dll_wrapper.dir/ctocpp/server_ctocpp.cc.o
[141/246] Building CXX object libcef_dll_wrapper/CMakeFiles/libcef_dll_wrapper.dir/ctocpp/select_client_certificate_callback_ctocpp.cc.o
[142/246] Building CXX object libcef_dll_wrapper/CMakeFiles/libcef_dll_wrapper.dir/ctocpp/shared_memory_region_ctocpp.cc.o
[143/246] Building CXX object libcef_dll_wrapper/CMakeFiles/libcef_dll_wrapper.dir/ctocpp/shared_process_message_builder_ctocpp.cc.o
[144/246] Building CXX object libcef_dll_wrapper/CMakeFiles/libcef_dll_wrapper.dir/ctocpp/sslinfo_ctocpp.cc.o
[145/246] Building CXX object libcef_dll_wrapper/CMakeFiles/libcef_dll_wrapper.dir/ctocpp/sslstatus_ctocpp.cc.o
[146/246] Building CXX object libcef_dll_wrapper/CMakeFiles/libcef_dll_wrapper.dir/ctocpp/stream_reader_ctocpp.cc.o
[147/246] Building CXX object libcef_dll_wrapper/CMakeFiles/libcef_dll_wrapper.dir/ctocpp/stream_writer_ctocpp.cc.o
[148/246] Building CXX object libcef_dll_wrapper/CMakeFiles/libcef_dll_wrapper.dir/ctocpp/task_manager_ctocpp.cc.o
[149/246] Building CXX object libcef_dll_wrapper/CMakeFiles/libcef_dll_wrapper.dir/ctocpp/task_runner_ctocpp.cc.o
[150/246] Building CXX object libcef_dll_wrapper/CMakeFiles/libcef_dll_wrapper.dir/ctocpp/thread_ctocpp.cc.o
[151/246] Building CXX object libcef_dll_wrapper/CMakeFiles/libcef_dll_wrapper.dir/ctocpp/unresponsive_process_callback_ctocpp.cc.o
[152/246] Building CXX object libcef_dll_wrapper/CMakeFiles/libcef_dll_wrapper.dir/ctocpp/urlrequest_ctocpp.cc.o
[153/246] Building CXX object libcef_dll_wrapper/CMakeFiles/libcef_dll_wrapper.dir/ctocpp/v8_backing_store_ctocpp.cc.o
[154/246] Building CXX object libcef_dll_wrapper/CMakeFiles/libcef_dll_wrapper.dir/ctocpp/v8_context_ctocpp.cc.o
[155/246] Building CXX object libcef_dll_wrapper/CMakeFiles/libcef_dll_wrapper.dir/ctocpp/v8_exception_ctocpp.cc.o
[156/246] Building CXX object libcef_dll_wrapper/CMakeFiles/libcef_dll_wrapper.dir/ctocpp/v8_stack_frame_ctocpp.cc.o
[157/246] Building CXX object libcef_dll_wrapper/CMakeFiles/libcef_dll_wrapper.dir/ctocpp/v8_stack_trace_ctocpp.cc.o
[158/246] Building CXX object libcef_dll_wrapper/CMakeFiles/libcef_dll_wrapper.dir/ctocpp/value_ctocpp.cc.o
[159/246] Building CXX object libcef_dll_wrapper/CMakeFiles/libcef_dll_wrapper.dir/ctocpp/v8_value_ctocpp.cc.o
[160/246] Building CXX object libcef_dll_wrapper/CMakeFiles/libcef_dll_wrapper.dir/ctocpp/waitable_event_ctocpp.cc.o
[161/246] Building CXX object libcef_dll_wrapper/CMakeFiles/libcef_dll_wrapper.dir/ctocpp/x509_cert_principal_ctocpp.cc.o
[162/246] Building CXX object libcef_dll_wrapper/CMakeFiles/libcef_dll_wrapper.dir/ctocpp/x509_certificate_ctocpp.cc.o
[163/246] Building CXX object libcef_dll_wrapper/CMakeFiles/libcef_dll_wrapper.dir/ctocpp/xml_reader_ctocpp.cc.o
[164/246] Building CXX object libcef_dll_wrapper/CMakeFiles/libcef_dll_wrapper.dir/ctocpp/test/api_version_test_ref_ptr_library_child_child_ctocpp.cc.o
[165/246] Building CXX object libcef_dll_wrapper/CMakeFiles/libcef_dll_wrapper.dir/ctocpp/zip_reader_ctocpp.cc.o
[166/246] Building CXX object libcef_dll_wrapper/CMakeFiles/libcef_dll_wrapper.dir/ctocpp/test/api_version_test_ref_ptr_library_child_child_v1_ctocpp.cc.o
[167/246] Building CXX object libcef_dll_wrapper/CMakeFiles/libcef_dll_wrapper.dir/ctocpp/test/api_version_test_ctocpp.cc.o
[168/246] Building CXX object libcef_dll_wrapper/CMakeFiles/libcef_dll_wrapper.dir/ctocpp/test/api_version_test_ref_ptr_library_child_child_v2_ctocpp.cc.o
[169/246] Building CXX object libcef_dll_wrapper/CMakeFiles/libcef_dll_wrapper.dir/ctocpp/test/api_version_test_ref_ptr_library_child_ctocpp.cc.o
[170/246] Building CXX object libcef_dll_wrapper/CMakeFiles/libcef_dll_wrapper.dir/ctocpp/test/api_version_test_scoped_library_child_child_ctocpp.cc.o
[171/246] Building CXX object libcef_dll_wrapper/CMakeFiles/libcef_dll_wrapper.dir/ctocpp/test/api_version_test_ref_ptr_library_ctocpp.cc.o
[172/246] Building CXX object libcef_dll_wrapper/CMakeFiles/libcef_dll_wrapper.dir/ctocpp/test/api_version_test_scoped_library_child_child_v1_ctocpp.cc.o
[173/246] Building CXX object libcef_dll_wrapper/CMakeFiles/libcef_dll_wrapper.dir/ctocpp/test/api_version_test_scoped_library_child_child_v2_ctocpp.cc.o
[174/246] Building CXX object libcef_dll_wrapper/CMakeFiles/libcef_dll_wrapper.dir/ctocpp/test/api_version_test_scoped_library_child_ctocpp.cc.o
[175/246] Building CXX object libcef_dll_wrapper/CMakeFiles/libcef_dll_wrapper.dir/ctocpp/test/api_version_test_scoped_library_ctocpp.cc.o
[176/246] Building CXX object libcef_dll_wrapper/CMakeFiles/libcef_dll_wrapper.dir/ctocpp/test/test_server_connection_ctocpp.cc.o
[177/246] Building CXX object libcef_dll_wrapper/CMakeFiles/libcef_dll_wrapper.dir/ctocpp/test/test_server_ctocpp.cc.o
[178/246] Building CXX object libcef_dll_wrapper/CMakeFiles/libcef_dll_wrapper.dir/ctocpp/test/translator_test_ref_ptr_library_child_child_ctocpp.cc.o
[179/246] Building CXX object libcef_dll_wrapper/CMakeFiles/libcef_dll_wrapper.dir/ctocpp/test/translator_test_ctocpp.cc.o
[180/246] Building CXX object libcef_dll_wrapper/CMakeFiles/libcef_dll_wrapper.dir/ctocpp/test/translator_test_ref_ptr_library_child_ctocpp.cc.o
[181/246] Building CXX object libcef_dll_wrapper/CMakeFiles/libcef_dll_wrapper.dir/ctocpp/test/translator_test_ref_ptr_library_ctocpp.cc.o
[182/246] Building CXX object libcef_dll_wrapper/CMakeFiles/libcef_dll_wrapper.dir/ctocpp/test/translator_test_scoped_library_child_child_ctocpp.cc.o
[183/246] Building CXX object libcef_dll_wrapper/CMakeFiles/libcef_dll_wrapper.dir/ctocpp/test/translator_test_scoped_library_child_ctocpp.cc.o
[184/246] Building CXX object libcef_dll_wrapper/CMakeFiles/libcef_dll_wrapper.dir/ctocpp/test/translator_test_scoped_library_ctocpp.cc.o
[185/246] Building CXX object libcef_dll_wrapper/CMakeFiles/libcef_dll_wrapper.dir/ctocpp/views/box_layout_ctocpp.cc.o
[186/246] Building CXX object libcef_dll_wrapper/CMakeFiles/libcef_dll_wrapper.dir/ctocpp/views/browser_view_ctocpp.cc.o
[187/246] Building CXX object libcef_dll_wrapper/CMakeFiles/libcef_dll_wrapper.dir/ctocpp/views/button_ctocpp.cc.o
[188/246] Building CXX object libcef_dll_wrapper/CMakeFiles/libcef_dll_wrapper.dir/ctocpp/views/display_ctocpp.cc.o
[189/246] Building CXX object libcef_dll_wrapper/CMakeFiles/libcef_dll_wrapper.dir/ctocpp/views/fill_layout_ctocpp.cc.o
[190/246] Building CXX object libcef_dll_wrapper/CMakeFiles/libcef_dll_wrapper.dir/ctocpp/views/label_button_ctocpp.cc.o
[191/246] Building CXX object libcef_dll_wrapper/CMakeFiles/libcef_dll_wrapper.dir/ctocpp/views/layout_ctocpp.cc.o
[192/246] Building CXX object libcef_dll_wrapper/CMakeFiles/libcef_dll_wrapper.dir/ctocpp/views/menu_button_pressed_lock_ctocpp.cc.o
[193/246] Building CXX object libcef_dll_wrapper/CMakeFiles/libcef_dll_wrapper.dir/ctocpp/views/overlay_controller_ctocpp.cc.o
[194/246] Building CXX object libcef_dll_wrapper/CMakeFiles/libcef_dll_wrapper.dir/ctocpp/views/menu_button_ctocpp.cc.o
[195/246] Building CXX object libcef_dll_wrapper/CMakeFiles/libcef_dll_wrapper.dir/ctocpp/views/panel_ctocpp.cc.o
[196/246] Building CXX object libcef_dll_wrapper/CMakeFiles/libcef_dll_wrapper.dir/ctocpp/views/scroll_view_ctocpp.cc.o
[197/246] Building CXX object libcef_dll_wrapper/CMakeFiles/libcef_dll_wrapper.dir/ctocpp/views/textfield_ctocpp.cc.o
[198/246] Building CXX object libcef_dll_wrapper/CMakeFiles/libcef_dll_wrapper.dir/wrapper/cef_byte_read_handler.cc.o
[199/246] Building CXX object libcef_dll_wrapper/CMakeFiles/libcef_dll_wrapper.dir/ctocpp/views/view_ctocpp.cc.o
[200/246] Building CXX object libcef_dll_wrapper/CMakeFiles/libcef_dll_wrapper.dir/ctocpp/views/window_ctocpp.cc.o
[201/246] Building CXX object libcef_dll_wrapper/CMakeFiles/libcef_dll_wrapper.dir/wrapper/cef_closure_task.cc.o
[202/246] Building CXX object libcef_dll_wrapper/CMakeFiles/libcef_dll_wrapper.dir/wrapper/cef_message_router_utils.cc.o
[203/246] Building CXX object libcef_dll_wrapper/CMakeFiles/libcef_dll_wrapper.dir/wrapper/cef_scoped_temp_dir.cc.o
[204/246] Building CXX object libcef_dll_wrapper/CMakeFiles/libcef_dll_wrapper.dir/wrapper/cef_stream_resource_handler.cc.o
[205/246] Building CXX object libcef_dll_wrapper/CMakeFiles/libcef_dll_wrapper.dir/wrapper/libcef_dll_wrapper2.cc.o
[206/246] Building CXX object libcef_dll_wrapper/CMakeFiles/libcef_dll_wrapper.dir/wrapper/cef_xml_object.cc.o
[207/246] Building CXX object libcef_dll_wrapper/CMakeFiles/libcef_dll_wrapper.dir/wrapper/cef_message_router.cc.o
[208/246] Building CXX object libcef_dll_wrapper/CMakeFiles/libcef_dll_wrapper.dir/wrapper/cef_resource_manager.cc.o
[209/246] Building CXX object libcef_dll_wrapper/CMakeFiles/libcef_dll_wrapper.dir/wrapper/cef_zip_archive.cc.o
[210/246] Building CXX object libcef_dll_wrapper/CMakeFiles/libcef_dll_wrapper.dir/wrapper/libcef_dll_wrapper.cc.o
[211/246] Building CXX object libcef_dll_wrapper/CMakeFiles/libcef_dll_wrapper.dir/wrapper/cef_scoped_library_loader_mac.mm.o
[212/246] Building CXX object libcef_dll_wrapper/CMakeFiles/libcef_dll_wrapper.dir/wrapper/cef_scoped_sandbox_context_mac.mm.o
[213/246] Building CXX object libcef_dll_wrapper/CMakeFiles/libcef_dll_wrapper.dir/wrapper/libcef_dll_dylib.cc.o
[214/246] Building CXX object CMakeFiles/Shelter_Helper.dir/src/process_helper_mac.cc.o
[215/246] Building CXX object CMakeFiles/Shelter_Helper.dir/src/common.cc.o
[216/246] Building CXX object CMakeFiles/Shelter_Helper.dir/src/renderer_app.cc.o
[217/246] Building CXX object CMakeFiles/Shelter_Helper_alerts.dir/src/process_helper_mac.cc.o
[218/246] Building CXX object CMakeFiles/Shelter_Helper_alerts.dir/src/common.cc.o
[219/246] Building CXX object CMakeFiles/Shelter_Helper_alerts.dir/src/renderer_app.cc.o
[220/246] Building CXX object CMakeFiles/Shelter_Helper_gpu.dir/src/process_helper_mac.cc.o
[221/246] Building CXX object CMakeFiles/Shelter_Helper_gpu.dir/src/common.cc.o
[222/246] Building CXX object CMakeFiles/Shelter_Helper_gpu.dir/src/renderer_app.cc.o
[223/246] Building CXX object CMakeFiles/Shelter_Helper_plugin.dir/src/process_helper_mac.cc.o
[224/246] Building CXX object CMakeFiles/Shelter_Helper_plugin.dir/src/common.cc.o
[225/246] Building CXX object CMakeFiles/Shelter_Helper_plugin.dir/src/renderer_app.cc.o
[226/246] Building CXX object CMakeFiles/Shelter_Helper_renderer.dir/src/process_helper_mac.cc.o
[227/246] Building CXX object CMakeFiles/Shelter_Helper_renderer.dir/src/renderer_app.cc.o
[228/246] Building CXX object CMakeFiles/Shelter_Helper_renderer.dir/src/common.cc.o
[229/246] Linking CXX static library libcef_dll_wrapper/libcef_dll_wrapper.a
/Applications/Xcode_16.4.app/Contents/Developer/Toolchains/XcodeDefault.xctoolchain/usr/bin/ranlib: file: libcef_dll_wrapper/libcef_dll_wrapper.a(cef_lock.cc.o) has no symbols
/Applications/Xcode_16.4.app/Contents/Developer/Toolchains/XcodeDefault.xctoolchain/usr/bin/ranlib: file: libcef_dll_wrapper/libcef_dll_wrapper.a(api_version_test_ref_ptr_client_child_cpptoc.cc.o) has no symbols
/Applications/Xcode_16.4.app/Contents/Developer/Toolchains/XcodeDefault.xctoolchain/usr/bin/ranlib: file: libcef_dll_wrapper/libcef_dll_wrapper.a(api_version_test_scoped_client_child_cpptoc.cc.o) has no symbols
/Applications/Xcode_16.4.app/Contents/Developer/Toolchains/XcodeDefault.xctoolchain/usr/bin/ranlib: file: libcef_dll_wrapper/libcef_dll_wrapper.a(api_version_test_ref_ptr_library_child_child_ctocpp.cc.o) has no symbols
/Applications/Xcode_16.4.app/Contents/Developer/Toolchains/XcodeDefault.xctoolchain/usr/bin/ranlib: file: libcef_dll_wrapper/libcef_dll_wrapper.a(api_version_test_ref_ptr_library_child_child_v1_ctocpp.cc.o) has no symbols
/Applications/Xcode_16.4.app/Contents/Developer/Toolchains/XcodeDefault.xctoolchain/usr/bin/ranlib: file: libcef_dll_wrapper/libcef_dll_wrapper.a(api_version_test_scoped_library_child_child_ctocpp.cc.o) has no symbols
/Applications/Xcode_16.4.app/Contents/Developer/Toolchains/XcodeDefault.xctoolchain/usr/bin/ranlib: file: libcef_dll_wrapper/libcef_dll_wrapper.a(api_version_test_scoped_library_child_child_v1_ctocpp.cc.o) has no symbols
/Applications/Xcode_16.4.app/Contents/Developer/Toolchains/XcodeDefault.xctoolchain/usr/bin/ranlib: file: libcef_dll_wrapper/libcef_dll_wrapper.a(libcef_dll_wrapper2.cc.o) has no symbols
/Applications/Xcode_16.4.app/Contents/Developer/Toolchains/XcodeDefault.xctoolchain/usr/bin/ranlib: file: libcef_dll_wrapper/libcef_dll_wrapper.a(cef_lock.cc.o) has no symbols
/Applications/Xcode_16.4.app/Contents/Developer/Toolchains/XcodeDefault.xctoolchain/usr/bin/ranlib: file: libcef_dll_wrapper/libcef_dll_wrapper.a(api_version_test_ref_ptr_client_child_cpptoc.cc.o) has no symbols
/Applications/Xcode_16.4.app/Contents/Developer/Toolchains/XcodeDefault.xctoolchain/usr/bin/ranlib: file: libcef_dll_wrapper/libcef_dll_wrapper.a(api_version_test_scoped_client_child_cpptoc.cc.o) has no symbols
/Applications/Xcode_16.4.app/Contents/Developer/Toolchains/XcodeDefault.xctoolchain/usr/bin/ranlib: file: libcef_dll_wrapper/libcef_dll_wrapper.a(api_version_test_ref_ptr_library_child_child_ctocpp.cc.o) has no symbols
/Applications/Xcode_16.4.app/Contents/Developer/Toolchains/XcodeDefault.xctoolchain/usr/bin/ranlib: file: libcef_dll_wrapper/libcef_dll_wrapper.a(api_version_test_ref_ptr_library_child_child_v1_ctocpp.cc.o) has no symbols
/Applications/Xcode_16.4.app/Contents/Developer/Toolchains/XcodeDefault.xctoolchain/usr/bin/ranlib: file: libcef_dll_wrapper/libcef_dll_wrapper.a(api_version_test_scoped_library_child_child_ctocpp.cc.o) has no symbols
/Applications/Xcode_16.4.app/Contents/Developer/Toolchains/XcodeDefault.xctoolchain/usr/bin/ranlib: file: libcef_dll_wrapper/libcef_dll_wrapper.a(api_version_test_scoped_library_child_child_v1_ctocpp.cc.o) has no symbols
/Applications/Xcode_16.4.app/Contents/Developer/Toolchains/XcodeDefault.xctoolchain/usr/bin/ranlib: file: libcef_dll_wrapper/libcef_dll_wrapper.a(libcef_dll_wrapper2.cc.o) has no symbols
[230/246] Linking CXX executable "Release/Shelter Helper (GPU).app/Contents/MacOS/Shelter Helper (GPU)"
[231/246] Linking CXX executable "Release/Shelter Helper.app/Contents/MacOS/Shelter Helper"
[232/246] Linking CXX executable "Release/Shelter Helper (Renderer).app/Contents/MacOS/Shelter Helper (Renderer)"
[233/246] Linking CXX executable "Release/Shelter Helper (Alerts).app/Contents/MacOS/Shelter Helper (Alerts)"
[234/246] Linking CXX executable "Release/Shelter Helper (Plugin).app/Contents/MacOS/Shelter Helper (Plugin)"
[235/246] Building CXX object CMakeFiles/Shelter.dir/src/key_map.cc.o
[236/246] Building CXX object CMakeFiles/Shelter.dir/src/common.cc.o
[237/246] Building CXX object CMakeFiles/Shelter.dir/src/renderer_app.cc.o
[238/246] Building CXX object CMakeFiles/Shelter.dir/src/secret_key.cc.o
[239/246] Building CXX object CMakeFiles/Shelter.dir/src/clients.cc.o
[240/246] Building CXX object CMakeFiles/Shelter.dir/src/ui_scheme.cc.o
[241/246] Building CXX object CMakeFiles/Shelter.dir/src/browser_app.cc.o
[242/246] Building CXX object CMakeFiles/Shelter.dir/src/shell_bridge.cc.o
[243/246] Building CXX object CMakeFiles/Shelter.dir/src/shell.cc.o
[244/246] Building CXX object CMakeFiles/Shelter.dir/src/platform_mac.mm.o
[245/246] Building CXX object CMakeFiles/Shelter.dir/src/main_mac.mm.o
[246/246] Linking CXX executable Release/Shelter.app/Contents/MacOS/Shelter
