-- The C compiler identification is AppleClang 17.0.0.17000013
-- The CXX compiler identification is AppleClang 17.0.0.17000013
-- Detecting C compiler ABI info
-- Detecting C compiler ABI info - done
-- Check for working C compiler: /usr/bin/cc - skipped
-- Detecting C compile features
-- Detecting C compile features - done
-- Detecting CXX compiler ABI info
-- Detecting CXX compiler ABI info - done
-- Check for working CXX compiler: /usr/bin/c++ - skipped
-- Detecting CXX compile features
-- Detecting CXX compile features - done
-- Performing Test COMPILER_SUPPORTS_NO_UNDEFINED_VAR_TEMPLATE
-- Performing Test COMPILER_SUPPORTS_NO_UNDEFINED_VAR_TEMPLATE - Success
-- *** CEF CONFIGURATION SETTINGS ***
-- Generator:                    Ninja
-- Platform:                     Darwin
-- Project architecture:         x86_64
-- Build type:                   Release
-- Binary distribution root:     /Users/runner/work/CEF_SHEL/CEF_SHEL/third_party/cef/cef_binary_154.0.32+g682c378+chromium-154.0.8037.58_macosx64_minimal
-- Base SDK:                     /Applications/Xcode_16.4.app/Contents/Developer/Platforms/MacOSX.platform/Developer/SDKs/MacOSX15.5.sdk
-- Target SDK:                   12.0
-- CEF sandbox:                  OFF
-- CEF installer mode:           OFF
-- Standard libraries:           -lpthread;-framework AppKit;-framework Cocoa;-framework IOSurface
-- Compile defines:              __STDC_CONSTANT_MACROS;__STDC_FORMAT_MACROS
-- Compile defines (Debug):      
-- Compile defines (Release):    
-- C compile flags:              -fno-strict-aliasing;-fstack-protector;-funwind-tables;-fvisibility=hidden;-Wall;-Wextra;-Wendif-labels;-Wnewline-eof;-Wno-missing-field-initializers;-Wno-unused-parameter;-mmacosx-version-min=12.0 -std=c99
-- C compile flags (Debug):      -O0;-g 
-- C compile flags (Release):    -O3 
-- C++ compile flags:            -fno-strict-aliasing;-fstack-protector;-funwind-tables;-fvisibility=hidden;-Wall;-Wextra;-Wendif-labels;-Wnewline-eof;-Wno-missing-field-initializers;-Wno-unused-parameter;-mmacosx-version-min=12.0 -fno-exceptions;-fno-rtti;-fno-threadsafe-statics;-fobjc-call-cxx-cdtors;-fvisibility-inlines-hidden;-std=c++20;-Wno-narrowing;-Wsign-compare;-Wno-undefined-var-template
-- C++ compile flags (Debug):    -O0;-g 
-- C++ compile flags (Release):  -O3 
-- Exe link flags:               -Wl,-search_paths_first;-Wl,-ObjC;-Wl,-pie 
-- Exe link flags (Debug):        
-- Exe link flags (Release):     -Wl,-dead_strip 
-- Shared link flags:            -Wl,-search_paths_first;-Wl,-ObjC;-Wl,-pie 
-- Shared link flags (Debug):     
-- Shared link flags (Release):  -Wl,-dead_strip 
-- Configuring done (8.7s)
-- Generating done (0.3s)
-- Build files have been written to: /Users/runner/work/CEF_SHEL/CEF_SHEL/build
