2026-10-01 13:49:36.123   Successfully installed the file.
2026-10-01 13:49:36.123   -- File entry --
2026-10-01 13:49:36.123   Dest filename: C:\Users\runneradmin\AppData\Local\Programs\SHELTER\locales\hi_MASCULINE.pak
2026-10-01 13:49:36.123   Time stamp of our file: 2026-10-01 13:46:58.000
2026-10-01 13:49:36.123   Installing the file.
2026-10-01 13:49:36.125   Successfully installed the file.
2026-10-01 13:49:36.125   -- File entry --
2026-10-01 13:49:36.125   Dest filename: C:\Users\runneradmin\AppData\Local\Programs\SHELTER\locales\hi_NEUTER.pak
2026-10-01 13:49:36.125   Time stamp of our file: 2026-10-01 13:46:58.000
2026-10-01 13:49:36.125   Installing the file.
2026-10-01 13:49:36.125   Successfully installed the file.
2026-10-01 13:49:36.125   -- File entry --
2026-10-01 13:49:36.125   Dest filename: C:\Users\runneradmin\AppData\Local\Programs\SHELTER\locales\hr.pak
2026-10-01 13:49:36.127   Time stamp of our file: 2026-10-01 13:46:58.000
2026-10-01 13:49:36.127   Installing the file.
2026-10-01 13:49:36.147   Successfully installed the file.
2026-10-01 13:49:36.147   -- File entry --
2026-10-01 13:49:36.147   Dest filename: C:\Users\runneradmin\AppData\Local\Programs\SHELTER\locales\hr_FEMININE.pak
2026-10-01 13:49:36.147   Time stamp of our file: 2026-10-01 13:46:58.000
2026-10-01 13:49:36.147   Installing the file.
2026-10-01 13:49:36.149   Successfully installed the file.
2026-10-01 13:49:36.149   -- File entry --
2026-10-01 13:49:36.149   Dest filename: C:\Users\runneradmin\AppData\Local\Programs\SHELTER\locales\hr_MASCULINE.pak
2026-10-01 13:49:36.149   Time stamp of our file: 2026-10-01 13:46:58.000
2026-10-01 13:49:36.149   Installing the file.
2026-10-01 13:49:36.149   Successfully installed the file.
2026-10-01 13:49:36.149   -- File entry --
2026-10-01 13:49:36.151   Dest filename: C:\Users\runneradmin\AppData\Local\Programs\SHELTER\locales\hr_NEUTER.pak
2026-10-01 13:49:36.151   Time stamp of our file: 2026-10-01 13:46:58.000
2026-10-01 13:49:36.151   Installing the file.
2026-10-01 13:49:36.151   Successfully installed the file.
2026-10-01 13:49:36.153   -- File entry --
2026-10-01 13:49:36.153   Dest filename: C:\Users\runneradmin\AppData\Local\Programs\SHELTER\locales\hu.pak
2026-10-01 13:49:36.153   Time stamp of our file: 2026-10-01 13:46:58.000
2026-10-01 13:49:36.153   Installing the file.
2026-10-01 13:49:36.171   Successfully installed the file.
2026-10-01 13:49:36.171   -- File entry --
2026-10-01 13:49:36.171   Dest filename: C:\Users\runneradmin\AppData\Local\Programs\SHELTER\locales\hu_FEMININE.pak
2026-10-01 13:49:36.171   Time stamp of our file: 2026-10-01 13:46:58.000
2026-10-01 13:49:36.171   Installing the file.
2026-10-01 13:49:36.171   Successfully installed the file.
2026-10-01 13:49:36.171   -- File entry --
2026-10-01 13:49:36.171   Dest filename: C:\Users\runneradmin\AppData\Local\Programs\SHELTER\locales\hu_MASCULINE.pak
2026-10-01 13:49:36.171   Time stamp of our file: 2026-10-01 13:46:58.000
2026-10-01 13:49:36.171   Installing the file.
2026-10-01 13:49:36.173   Successfully installed the file.
2026-10-01 13:49:36.173   -- File entry --
2026-10-01 13:49:36.173   Dest filename: C:\Users\runneradmin\AppData\Local\Programs\SHELTER\locales\hu_NEUTER.pak
2026-10-01 13:49:36.173   Time stamp of our file: 2026-10-01 13:46:58.000
2026-10-01 13:49:36.173   Installing the file.
2026-10-01 13:49:36.175   Successfully installed the file.
2026-10-01 13:49:36.175   -- File entry --
2026-10-01 13:49:36.175   Dest filename: C:\Users\runneradmin\AppData\Local\Programs\SHELTER\locales\id.pak
2026-10-01 13:49:36.175   Time stamp of our file: 2026-10-01 13:46:58.000
2026-10-01 13:49:36.175   Installing the file.
2026-10-01 13:49:36.191   Successfully installed the file.
2026-10-01 13:49:36.191   -- File entry --
2026-10-01 13:49:36.191   Dest filename: C:\Users\runneradmin\AppData\Local\Programs\SHELTER\locales\id_FEMININE.pak
2026-10-01 13:49:36.191   Time stamp of our file: 2026-10-01 13:46:58.000
2026-10-01 13:49:36.191   Installing the file.
2026-10-01 13:49:36.191   Successfully installed the file.
2026-10-01 13:49:36.191   -- File entry --
2026-10-01 13:49:36.191   Dest filename: C:\Users\runneradmin\AppData\Local\Programs\SHELTER\locales\id_MASCULINE.pak
2026-10-01 13:49:36.191   Time stamp of our file: 2026-10-01 13:46:58.000
2026-10-01 13:49:36.191   Installing the file.
2026-10-01 13:49:36.193   Successfully installed the file.
2026-10-01 13:49:36.193   -- File entry --
2026-10-01 13:49:36.193   Dest filename: C:\Users\runneradmin\AppData\Local\Programs\SHELTER\locales\id_NEUTER.pak
2026-10-01 13:49:36.193   Time stamp of our file: 2026-10-01 13:46:58.000
2026-10-01 13:49:36.193   Installing the file.
2026-10-01 13:49:36.195   Successfully installed the file.
2026-10-01 13:49:36.195   -- File entry --
2026-10-01 13:49:36.195   Dest filename: C:\Users\runneradmin\AppData\Local\Programs\SHELTER\locales\it.pak
2026-10-01 13:49:36.195   Time stamp of our file: 2026-10-01 13:46:58.000
2026-10-01 13:49:36.195   Installing the file.
2026-10-01 13:49:36.211   Successfully installed the file.
2026-10-01 13:49:36.211   -- File entry --
2026-10-01 13:49:36.211   Dest filename: C:\Users\runneradmin\AppData\Local\Programs\SHELTER\locales\it_FEMININE.pak
2026-10-01 13:49:36.211   Time stamp of our file: 2026-10-01 13:46:58.000
2026-10-01 13:49:36.211   Installing the file.
2026-10-01 13:49:36.213   Successfully installed the file.
2026-10-01 13:49:36.213   -- File entry --
2026-10-01 13:49:36.213   Dest filename: C:\Users\runneradmin\AppData\Local\Programs\SHELTER\locales\it_MASCULINE.pak
2026-10-01 13:49:36.213   Time stamp of our file: 2026-10-01 13:46:58.000
2026-10-01 13:49:36.213   Installing the file.
2026-10-01 13:49:36.213   Successfully installed the file.
2026-10-01 13:49:36.213   -- File entry --
2026-10-01 13:49:36.213   Dest filename: C:\Users\runneradmin\AppData\Local\Programs\SHELTER\locales\it_NEUTER.pak
2026-10-01 13:49:36.213   Time stamp of our file: 2026-10-01 13:46:58.000
2026-10-01 13:49:36.213   Installing the file.
2026-10-01 13:49:36.215   Successfully installed the file.
2026-10-01 13:49:36.215   -- File entry --
2026-10-01 13:49:36.215   Dest filename: C:\Users\runneradmin\AppData\Local\Programs\SHELTER\locales\ja.pak
2026-10-01 13:49:36.215   Time stamp of our file: 2026-10-01 13:46:58.000
2026-10-01 13:49:36.215   Installing the file.
2026-10-01 13:49:36.234   Successfully installed the file.
2026-10-01 13:49:36.234   -- File entry --
2026-10-01 13:49:36.234   Dest filename: C:\Users\runneradmin\AppData\Local\Programs\SHELTER\locales\ja_FEMININE.pak
2026-10-01 13:49:36.234   Time stamp of our file: 2026-10-01 13:46:58.000
2026-10-01 13:49:36.234   Installing the file.
2026-10-01 13:49:36.236   Successfully installed the file.
2026-10-01 13:49:36.236   -- File entry --
2026-10-01 13:49:36.236   Dest filename: C:\Users\runneradmin\AppData\Local\Programs\SHELTER\locales\ja_MASCULINE.pak
2026-10-01 13:49:36.236   Time stamp of our file: 2026-10-01 13:46:58.000
2026-10-01 13:49:36.236   Installing the file.
2026-10-01 13:49:36.238   Successfully installed the file.
2026-10-01 13:49:36.238   -- File entry --
2026-10-01 13:49:36.238   Dest filename: C:\Users\runneradmin\AppData\Local\Programs\SHELTER\locales\ja_NEUTER.pak
2026-10-01 13:49:36.238   Time stamp of our file: 2026-10-01 13:46:58.000
2026-10-01 13:49:36.238   Installing the file.
2026-10-01 13:49:36.238   Successfully installed the file.
2026-10-01 13:49:36.238   -- File entry --
2026-10-01 13:49:36.238   Dest filename: C:\Users\runneradmin\AppData\Local\Programs\SHELTER\locales\kn.pak
2026-10-01 13:49:36.238   Time stamp of our file: 2026-10-01 13:46:58.000
2026-10-01 13:49:36.238   Installing the file.
2026-10-01 13:49:36.268   Successfully installed the file.
2026-10-01 13:49:36.268   -- File entry --
2026-10-01 13:49:36.268   Dest filename: C:\Users\runneradmin\AppData\Local\Programs\SHELTER\locales\kn_FEMININE.pak
2026-10-01 13:49:36.268   Time stamp of our file: 2026-10-01 13:46:58.000
2026-10-01 13:49:36.268   Installing the file.
2026-10-01 13:49:36.270   Successfully installed the file.
2026-10-01 13:49:36.270   -- File entry --
2026-10-01 13:49:36.270   Dest filename: C:\Users\runneradmin\AppData\Local\Programs\SHELTER\locales\kn_MASCULINE.pak
2026-10-01 13:49:36.270   Time stamp of our file: 2026-10-01 13:46:58.000
2026-10-01 13:49:36.270   Installing the file.
2026-10-01 13:49:36.270   Successfully installed the file.
2026-10-01 13:49:36.270   -- File entry --
2026-10-01 13:49:36.270   Dest filename: C:\Users\runneradmin\AppData\Local\Programs\SHELTER\locales\kn_NEUTER.pak
2026-10-01 13:49:36.270   Time stamp of our file: 2026-10-01 13:46:58.000
2026-10-01 13:49:36.270   Installing the file.
2026-10-01 13:49:36.272   Successfully installed the file.
2026-10-01 13:49:36.272   -- File entry --
2026-10-01 13:49:36.272   Dest filename: C:\Users\runneradmin\AppData\Local\Programs\SHELTER\locales\ko.pak
2026-10-01 13:49:36.272   Time stamp of our file: 2026-10-01 13:46:58.000
2026-10-01 13:49:36.272   Installing the file.
2026-10-01 13:49:36.288   Successfully installed the file.
2026-10-01 13:49:36.288   -- File entry --
2026-10-01 13:49:36.288   Dest filename: C:\Users\runneradmin\AppData\Local\Programs\SHELTER\locales\ko_FEMININE.pak
2026-10-01 13:49:36.288   Time stamp of our file: 2026-10-01 13:46:58.000
2026-10-01 13:49:36.288   Installing the file.
2026-10-01 13:49:36.290   Successfully installed the file.
2026-10-01 13:49:36.290   -- File entry --
2026-10-01 13:49:36.290   Dest filename: C:\Users\runneradmin\AppData\Local\Programs\SHELTER\locales\ko_MASCULINE.pak
2026-10-01 13:49:36.290   Time stamp of our file: 2026-10-01 13:46:58.000
2026-10-01 13:49:36.290   Installing the file.
2026-10-01 13:49:36.292   Successfully installed the file.
2026-10-01 13:49:36.292   -- File entry --
2026-10-01 13:49:36.292   Dest filename: C:\Users\runneradmin\AppData\Local\Programs\SHELTER\locales\ko_NEUTER.pak
2026-10-01 13:49:36.292   Time stamp of our file: 2026-10-01 13:46:58.000
2026-10-01 13:49:36.292   Installing the file.
2026-10-01 13:49:36.292   Successfully installed the file.
2026-10-01 13:49:36.292   -- File entry --
2026-10-01 13:49:36.292   Dest filename: C:\Users\runneradmin\AppData\Local\Programs\SHELTER\locales\lt.pak
2026-10-01 13:49:36.294   Time stamp of our file: 2026-10-01 13:46:58.000
2026-10-01 13:49:36.294   Installing the file.
2026-10-01 13:49:36.312   Successfully installed the file.
2026-10-01 13:49:36.312   -- File entry --
2026-10-01 13:49:36.312   Dest filename: C:\Users\runneradmin\AppData\Local\Programs\SHELTER\locales\lt_FEMININE.pak
2026-10-01 13:49:36.312   Time stamp of our file: 2026-10-01 13:46:58.000
2026-10-01 13:49:36.312   Installing the file.
2026-10-01 13:49:36.314   Successfully installed the file.
2026-10-01 13:49:36.314   -- File entry --
2026-10-01 13:49:36.314   Dest filename: C:\Users\runneradmin\AppData\Local\Programs\SHELTER\locales\lt_MASCULINE.pak
2026-10-01 13:49:36.314   Time stamp of our file: 2026-10-01 13:46:58.000
2026-10-01 13:49:36.314   Installing the file.
2026-10-01 13:49:36.314   Successfully installed the file.
2026-10-01 13:49:36.314   -- File entry --
2026-10-01 13:49:36.314   Dest filename: C:\Users\runneradmin\AppData\Local\Programs\SHELTER\locales\lt_NEUTER.pak
2026-10-01 13:49:36.314   Time stamp of our file: 2026-10-01 13:46:58.000
2026-10-01 13:49:36.314   Installing the file.
2026-10-01 13:49:36.316   Successfully installed the file.
2026-10-01 13:49:36.316   -- File entry --
2026-10-01 13:49:36.316   Dest filename: C:\Users\runneradmin\AppData\Local\Programs\SHELTER\locales\lv.pak
2026-10-01 13:49:36.316   Time stamp of our file: 2026-10-01 13:46:58.000
2026-10-01 13:49:36.316   Installing the file.
2026-10-01 13:49:36.334   Successfully installed the file.
2026-10-01 13:49:36.334   -- File entry --
2026-10-01 13:49:36.334   Dest filename: C:\Users\runneradmin\AppData\Local\Programs\SHELTER\locales\lv_FEMININE.pak
2026-10-01 13:49:36.334   Time stamp of our file: 2026-10-01 13:46:58.000
2026-10-01 13:49:36.334   Installing the file.
2026-10-01 13:49:36.336   Successfully installed the file.
2026-10-01 13:49:36.336   -- File entry --
2026-10-01 13:49:36.336   Dest filename: C:\Users\runneradmin\AppData\Local\Programs\SHELTER\locales\lv_MASCULINE.pak
2026-10-01 13:49:36.336   Time stamp of our file: 2026-10-01 13:46:58.000
2026-10-01 13:49:36.336   Installing the file.
2026-10-01 13:49:36.336   Successfully installed the file.
2026-10-01 13:49:36.336   -- File entry --
2026-10-01 13:49:36.336   Dest filename: C:\Users\runneradmin\AppData\Local\Programs\SHELTER\locales\lv_NEUTER.pak
2026-10-01 13:49:36.336   Time stamp of our file: 2026-10-01 13:46:58.000
2026-10-01 13:49:36.336   Installing the file.
2026-10-01 13:49:36.338   Successfully installed the file.
2026-10-01 13:49:36.338   -- File entry --
2026-10-01 13:49:36.338   Dest filename: C:\Users\runneradmin\AppData\Local\Programs\SHELTER\locales\ml.pak
2026-10-01 13:49:36.338   Time stamp of our file: 2026-10-01 13:46:58.000
2026-10-01 13:49:36.338   Installing the file.
2026-10-01 13:49:36.367   Successfully installed the file.
2026-10-01 13:49:36.367   -- File entry --
2026-10-01 13:49:36.367   Dest filename: C:\Users\runneradmin\AppData\Local\Programs\SHELTER\locales\ml_FEMININE.pak
2026-10-01 13:49:36.367   Time stamp of our file: 2026-10-01 13:46:58.000
2026-10-01 13:49:36.367   Installing the file.
2026-10-01 13:49:36.369   Successfully installed the file.
2026-10-01 13:49:36.369   -- File entry --
2026-10-01 13:49:36.369   Dest filename: C:\Users\runneradmin\AppData\Local\Programs\SHELTER\locales\ml_MASCULINE.pak
2026-10-01 13:49:36.369   Time stamp of our file: 2026-10-01 13:46:58.000
2026-10-01 13:49:36.369   Installing the file.
2026-10-01 13:49:36.373   Successfully installed the file.
2026-10-01 13:49:36.373   -- File entry --
2026-10-01 13:49:36.373   Dest filename: C:\Users\runneradmin\AppData\Local\Programs\SHELTER\locales\ml_NEUTER.pak
2026-10-01 13:49:36.373   Time stamp of our file: 2026-10-01 13:46:58.000
2026-10-01 13:49:36.373   Installing the file.
2026-10-01 13:49:36.373   Successfully installed the file.
2026-10-01 13:49:36.373   -- File entry --
2026-10-01 13:49:36.373   Dest filename: C:\Users\runneradmin\AppData\Local\Programs\SHELTER\locales\mr.pak
2026-10-01 13:49:36.375   Time stamp of our file: 2026-10-01 13:46:58.000
2026-10-01 13:49:36.375   Installing the file.
2026-10-01 13:49:36.399   Successfully installed the file.
2026-10-01 13:49:36.399   -- File entry --
2026-10-01 13:49:36.399   Dest filename: C:\Users\runneradmin\AppData\Local\Programs\SHELTER\locales\mr_FEMININE.pak
2026-10-01 13:49:36.399   Time stamp of our file: 2026-10-01 13:46:58.000
2026-10-01 13:49:36.399   Installing the file.
2026-10-01 13:49:36.401   Successfully installed the file.
2026-10-01 13:49:36.401   -- File entry --
2026-10-01 13:49:36.401   Dest filename: C:\Users\runneradmin\AppData\Local\Programs\SHELTER\locales\mr_MASCULINE.pak
2026-10-01 13:49:36.401   Time stamp of our file: 2026-10-01 13:46:58.000
2026-10-01 13:49:36.401   Installing the file.
2026-10-01 13:49:36.403   Successfully installed the file.
2026-10-01 13:49:36.403   -- File entry --
2026-10-01 13:49:36.403   Dest filename: C:\Users\runneradmin\AppData\Local\Programs\SHELTER\locales\mr_NEUTER.pak
2026-10-01 13:49:36.403   Time stamp of our file: 2026-10-01 13:46:58.000
2026-10-01 13:49:36.403   Installing the file.
2026-10-01 13:49:36.403   Successfully installed the file.
2026-10-01 13:49:36.403   -- File entry --
2026-10-01 13:49:36.405   Dest filename: C:\Users\runneradmin\AppData\Local\Programs\SHELTER\locales\ms.pak
2026-10-01 13:49:36.405   Time stamp of our file: 2026-10-01 13:46:58.000
2026-10-01 13:49:36.405   Installing the file.
2026-10-01 13:49:36.419   Successfully installed the file.
2026-10-01 13:49:36.419   -- File entry --
2026-10-01 13:49:36.421   Dest filename: C:\Users\runneradmin\AppData\Local\Programs\SHELTER\locales\ms_FEMININE.pak
2026-10-01 13:49:36.421   Time stamp of our file: 2026-10-01 13:46:58.000
2026-10-01 13:49:36.421   Installing the file.
2026-10-01 13:49:36.421   Successfully installed the file.
2026-10-01 13:49:36.421   -- File entry --
2026-10-01 13:49:36.421   Dest filename: C:\Users\runneradmin\AppData\Local\Programs\SHELTER\locales\ms_MASCULINE.pak
2026-10-01 13:49:36.421   Time stamp of our file: 2026-10-01 13:46:58.000
2026-10-01 13:49:36.421   Installing the file.
2026-10-01 13:49:36.423   Successfully installed the file.
2026-10-01 13:49:36.423   -- File entry --
2026-10-01 13:49:36.423   Dest filename: C:\Users\runneradmin\AppData\Local\Programs\SHELTER\locales\ms_NEUTER.pak
2026-10-01 13:49:36.423   Time stamp of our file: 2026-10-01 13:46:58.000
2026-10-01 13:49:36.423   Installing the file.
2026-10-01 13:49:36.425   Successfully installed the file.
2026-10-01 13:49:36.425   -- File entry --
2026-10-01 13:49:36.425   Dest filename: C:\Users\runneradmin\AppData\Local\Programs\SHELTER\locales\nb.pak
2026-10-01 13:49:36.425   Time stamp of our file: 2026-10-01 13:46:58.000
2026-10-01 13:49:36.425   Installing the file.
2026-10-01 13:49:36.441   Successfully installed the file.
2026-10-01 13:49:36.441   -- File entry --
2026-10-01 13:49:36.441   Dest filename: C:\Users\runneradmin\AppData\Local\Programs\SHELTER\locales\nb_FEMININE.pak
2026-10-01 13:49:36.441   Time stamp of our file: 2026-10-01 13:46:58.000
2026-10-01 13:49:36.441   Installing the file.
2026-10-01 13:49:36.441   Successfully installed the file.
2026-10-01 13:49:36.441   -- File entry --
2026-10-01 13:49:36.441   Dest filename: C:\Users\runneradmin\AppData\Local\Programs\SHELTER\locales\nb_MASCULINE.pak
2026-10-01 13:49:36.441   Time stamp of our file: 2026-10-01 13:46:58.000
2026-10-01 13:49:36.441   Installing the file.
2026-10-01 13:49:36.443   Successfully installed the file.
2026-10-01 13:49:36.443   -- File entry --
2026-10-01 13:49:36.443   Dest filename: C:\Users\runneradmin\AppData\Local\Programs\SHELTER\locales\nb_NEUTER.pak
2026-10-01 13:49:36.443   Time stamp of our file: 2026-10-01 13:46:58.000
2026-10-01 13:49:36.443   Installing the file.
2026-10-01 13:49:36.445   Successfully installed the file.
2026-10-01 13:49:36.445   -- File entry --
2026-10-01 13:49:36.445   Dest filename: C:\Users\runneradmin\AppData\Local\Programs\SHELTER\locales\nl.pak
2026-10-01 13:49:36.445   Time stamp of our file: 2026-10-01 13:46:58.000
2026-10-01 13:49:36.445   Installing the file.
2026-10-01 13:49:36.461   Successfully installed the file.
2026-10-01 13:49:36.461   -- File entry --
2026-10-01 13:49:36.461   Dest filename: C:\Users\runneradmin\AppData\Local\Programs\SHELTER\locales\nl_FEMININE.pak
2026-10-01 13:49:36.461   Time stamp of our file: 2026-10-01 13:46:58.000
2026-10-01 13:49:36.461   Installing the file.
2026-10-01 13:49:36.461   Successfully installed the file.
2026-10-01 13:49:36.463   -- File entry --
2026-10-01 13:49:36.463   Dest filename: C:\Users\runneradmin\AppData\Local\Programs\SHELTER\locales\nl_MASCULINE.pak
2026-10-01 13:49:36.463   Time stamp of our file: 2026-10-01 13:46:58.000
2026-10-01 13:49:36.463   Installing the file.
2026-10-01 13:49:36.463   Successfully installed the file.
2026-10-01 13:49:36.463   -- File entry --
2026-10-01 13:49:36.463   Dest filename: C:\Users\runneradmin\AppData\Local\Programs\SHELTER\locales\nl_NEUTER.pak
2026-10-01 13:49:36.463   Time stamp of our file: 2026-10-01 13:46:58.000
2026-10-01 13:49:36.463   Installing the file.
2026-10-01 13:49:36.465   Successfully installed the file.
2026-10-01 13:49:36.465   -- File entry --
2026-10-01 13:49:36.465   Dest filename: C:\Users\runneradmin\AppData\Local\Programs\SHELTER\locales\pl.pak
2026-10-01 13:49:36.465   Time stamp of our file: 2026-10-01 13:46:58.000
2026-10-01 13:49:36.465   Installing the file.
2026-10-01 13:49:36.482   Successfully installed the file.
2026-10-01 13:49:36.482   -- File entry --
2026-10-01 13:49:36.482   Dest filename: C:\Users\runneradmin\AppData\Local\Programs\SHELTER\locales\pl_FEMININE.pak
2026-10-01 13:49:36.482   Time stamp of our file: 2026-10-01 13:46:58.000
2026-10-01 13:49:36.482   Installing the file.
2026-10-01 13:49:36.482   Successfully installed the file.
2026-10-01 13:49:36.485   -- File entry --
2026-10-01 13:49:36.485   Dest filename: C:\Users\runneradmin\AppData\Local\Programs\SHELTER\locales\pl_MASCULINE.pak
2026-10-01 13:49:36.485   Time stamp of our file: 2026-10-01 13:46:58.000
2026-10-01 13:49:36.485   Installing the file.
2026-10-01 13:49:36.485   Successfully installed the file.
2026-10-01 13:49:36.485   -- File entry --
2026-10-01 13:49:36.485   Dest filename: C:\Users\runneradmin\AppData\Local\Programs\SHELTER\locales\pl_NEUTER.pak
2026-10-01 13:49:36.485   Time stamp of our file: 2026-10-01 13:46:58.000
2026-10-01 13:49:36.485   Installing the file.
2026-10-01 13:49:36.486   Successfully installed the file.
2026-10-01 13:49:36.486   -- File entry --
2026-10-01 13:49:36.486   Dest filename: C:\Users\runneradmin\AppData\Local\Programs\SHELTER\locales\pt-BR.pak
2026-10-01 13:49:36.486   Time stamp of our file: 2026-10-01 13:46:58.000
2026-10-01 13:49:36.486   Installing the file.
2026-10-01 13:49:36.503   Successfully installed the file.
2026-10-01 13:49:36.503   -- File entry --
2026-10-01 13:49:36.503   Dest filename: C:\Users\runneradmin\AppData\Local\Programs\SHELTER\locales\pt-BR_FEMININE.pak
2026-10-01 13:49:36.504   Time stamp of our file: 2026-10-01 13:46:58.000
2026-10-01 13:49:36.504   Installing the file.
2026-10-01 13:49:36.505   Successfully installed the file.
2026-10-01 13:49:36.505   -- File entry --
2026-10-01 13:49:36.505   Dest filename: C:\Users\runneradmin\AppData\Local\Programs\SHELTER\locales\pt-BR_MASCULINE.pak
2026-10-01 13:49:36.505   Time stamp of our file: 2026-10-01 13:46:58.000
2026-10-01 13:49:36.505   Installing the file.
2026-10-01 13:49:36.507   Successfully installed the file.
2026-10-01 13:49:36.507   -- File entry --
2026-10-01 13:49:36.507   Dest filename: C:\Users\runneradmin\AppData\Local\Programs\SHELTER\locales\pt-BR_NEUTER.pak
2026-10-01 13:49:36.507   Time stamp of our file: 2026-10-01 13:46:58.000
2026-10-01 13:49:36.507   Installing the file.
2026-10-01 13:49:36.507   Successfully installed the file.
2026-10-01 13:49:36.507   -- File entry --
2026-10-01 13:49:36.508   Dest filename: C:\Users\runneradmin\AppData\Local\Programs\SHELTER\locales\pt-PT.pak
2026-10-01 13:49:36.508   Time stamp of our file: 2026-10-01 13:46:58.000
2026-10-01 13:49:36.508   Installing the file.
2026-10-01 13:49:36.522   Successfully installed the file.
2026-10-01 13:49:36.522   -- File entry --
2026-10-01 13:49:36.522   Dest filename: C:\Users\runneradmin\AppData\Local\Programs\SHELTER\locales\pt-PT_FEMININE.pak
2026-10-01 13:49:36.522   Time stamp of our file: 2026-10-01 13:46:58.000
2026-10-01 13:49:36.522   Installing the file.
2026-10-01 13:49:36.524   Successfully installed the file.
2026-10-01 13:49:36.524   -- File entry --
2026-10-01 13:49:36.524   Dest filename: C:\Users\runneradmin\AppData\Local\Programs\SHELTER\locales\pt-PT_MASCULINE.pak
2026-10-01 13:49:36.524   Time stamp of our file: 2026-10-01 13:46:58.000
2026-10-01 13:49:36.524   Installing the file.
2026-10-01 13:49:36.524   Successfully installed the file.
2026-10-01 13:49:36.524   -- File entry --
2026-10-01 13:49:36.524   Dest filename: C:\Users\runneradmin\AppData\Local\Programs\SHELTER\locales\pt-PT_NEUTER.pak
2026-10-01 13:49:36.526   Time stamp of our file: 2026-10-01 13:46:58.000
2026-10-01 13:49:36.526   Installing the file.
2026-10-01 13:49:36.526   Successfully installed the file.
2026-10-01 13:49:36.526   -- File entry --
2026-10-01 13:49:36.526   Dest filename: C:\Users\runneradmin\AppData\Local\Programs\SHELTER\locales\ro.pak
2026-10-01 13:49:36.526   Time stamp of our file: 2026-10-01 13:46:58.000
2026-10-01 13:49:36.526   Installing the file.
2026-10-01 13:49:36.544   Successfully installed the file.
2026-10-01 13:49:36.544   -- File entry --
2026-10-01 13:49:36.544   Dest filename: C:\Users\runneradmin\AppData\Local\Programs\SHELTER\locales\ro_FEMININE.pak
2026-10-01 13:49:36.544   Time stamp of our file: 2026-10-01 13:46:58.000
2026-10-01 13:49:36.544   Installing the file.
2026-10-01 13:49:36.546   Successfully installed the file.
2026-10-01 13:49:36.546   -- File entry --
2026-10-01 13:49:36.546   Dest filename: C:\Users\runneradmin\AppData\Local\Programs\SHELTER\locales\ro_MASCULINE.pak
2026-10-01 13:49:36.546   Time stamp of our file: 2026-10-01 13:46:58.000
2026-10-01 13:49:36.546   Installing the file.
2026-10-01 13:49:36.546   Successfully installed the file.
2026-10-01 13:49:36.546   -- File entry --
2026-10-01 13:49:36.546   Dest filename: C:\Users\runneradmin\AppData\Local\Programs\SHELTER\locales\ro_NEUTER.pak
2026-10-01 13:49:36.546   Time stamp of our file: 2026-10-01 13:46:58.000
2026-10-01 13:49:36.546   Installing the file.
2026-10-01 13:49:36.548   Successfully installed the file.
2026-10-01 13:49:36.548   -- File entry --
2026-10-01 13:49:36.548   Dest filename: C:\Users\runneradmin\AppData\Local\Programs\SHELTER\locales\ru.pak
2026-10-01 13:49:36.548   Time stamp of our file: 2026-10-01 13:46:58.000
2026-10-01 13:49:36.548   Installing the file.
2026-10-01 13:49:36.572   Successfully installed the file.
2026-10-01 13:49:36.572   -- File entry --
2026-10-01 13:49:36.572   Dest filename: C:\Users\runneradmin\AppData\Local\Programs\SHELTER\locales\ru_FEMININE.pak
2026-10-01 13:49:36.572   Time stamp of our file: 2026-10-01 13:46:58.000
2026-10-01 13:49:36.572   Installing the file.
2026-10-01 13:49:36.574   Successfully installed the file.
2026-10-01 13:49:36.574   -- File entry --
2026-10-01 13:49:36.574   Dest filename: C:\Users\runneradmin\AppData\Local\Programs\SHELTER\locales\ru_MASCULINE.pak
2026-10-01 13:49:36.574   Time stamp of our file: 2026-10-01 13:46:58.000
2026-10-01 13:49:36.574   Installing the file.
2026-10-01 13:49:36.574   Successfully installed the file.
2026-10-01 13:49:36.574   -- File entry --
2026-10-01 13:49:36.574   Dest filename: C:\Users\runneradmin\AppData\Local\Programs\SHELTER\locales\ru_NEUTER.pak
2026-10-01 13:49:36.574   Time stamp of our file: 2026-10-01 13:46:58.000
2026-10-01 13:49:36.574   Installing the file.
2026-10-01 13:49:36.576   Successfully installed the file.
2026-10-01 13:49:36.576   -- File entry --
2026-10-01 13:49:36.576   Dest filename: C:\Users\runneradmin\AppData\Local\Programs\SHELTER\locales\sk.pak
2026-10-01 13:49:36.576   Time stamp of our file: 2026-10-01 13:46:58.000
2026-10-01 13:49:36.576   Installing the file.
2026-10-01 13:49:36.594   Successfully installed the file.
2026-10-01 13:49:36.594   -- File entry --
2026-10-01 13:49:36.594   Dest filename: C:\Users\runneradmin\AppData\Local\Programs\SHELTER\locales\sk_FEMININE.pak
2026-10-01 13:49:36.594   Time stamp of our file: 2026-10-01 13:46:58.000
2026-10-01 13:49:36.594   Installing the file.
2026-10-01 13:49:36.596   Successfully installed the file.
2026-10-01 13:49:36.596   -- File entry --
2026-10-01 13:49:36.596   Dest filename: C:\Users\runneradmin\AppData\Local\Programs\SHELTER\locales\sk_MASCULINE.pak
2026-10-01 13:49:36.596   Time stamp of our file: 2026-10-01 13:46:58.000
2026-10-01 13:49:36.596   Installing the file.
2026-10-01 13:49:36.598   Successfully installed the file.
2026-10-01 13:49:36.598   -- File entry --
2026-10-01 13:49:36.598   Dest filename: C:\Users\runneradmin\AppData\Local\Programs\SHELTER\locales\sk_NEUTER.pak
2026-10-01 13:49:36.598   Time stamp of our file: 2026-10-01 13:46:58.000
2026-10-01 13:49:36.598   Installing the file.
2026-10-01 13:49:36.602   Successfully installed the file.
2026-10-01 13:49:36.602   -- File entry --
2026-10-01 13:49:36.602   Dest filename: C:\Users\runneradmin\AppData\Local\Programs\SHELTER\locales\sl.pak
2026-10-01 13:49:36.602   Time stamp of our file: 2026-10-01 13:46:58.000
2026-10-01 13:49:36.602   Installing the file.
2026-10-01 13:49:36.622   Successfully installed the file.
2026-10-01 13:49:36.622   -- File entry --
2026-10-01 13:49:36.622   Dest filename: C:\Users\runneradmin\AppData\Local\Programs\SHELTER\locales\sl_FEMININE.pak
2026-10-01 13:49:36.622   Time stamp of our file: 2026-10-01 13:46:58.000
2026-10-01 13:49:36.622   Installing the file.
2026-10-01 13:49:36.624   Successfully installed the file.
2026-10-01 13:49:36.624   -- File entry --
2026-10-01 13:49:36.624   Dest filename: C:\Users\runneradmin\AppData\Local\Programs\SHELTER\locales\sl_MASCULINE.pak
2026-10-01 13:49:36.624   Time stamp of our file: 2026-10-01 13:46:58.000
2026-10-01 13:49:36.624   Installing the file.
2026-10-01 13:49:36.626   Successfully installed the file.
2026-10-01 13:49:36.626   -- File entry --
2026-10-01 13:49:36.626   Dest filename: C:\Users\runneradmin\AppData\Local\Programs\SHELTER\locales\sl_NEUTER.pak
2026-10-01 13:49:36.626   Time stamp of our file: 2026-10-01 13:46:58.000
2026-10-01 13:49:36.626   Installing the file.
2026-10-01 13:49:36.628   Successfully installed the file.
2026-10-01 13:49:36.628   -- File entry --
2026-10-01 13:49:36.628   Dest filename: C:\Users\runneradmin\AppData\Local\Programs\SHELTER\locales\sr.pak
2026-10-01 13:49:36.628   Time stamp of our file: 2026-10-01 13:46:58.000
2026-10-01 13:49:36.628   Installing the file.
2026-10-01 13:49:36.657   Successfully installed the file.
2026-10-01 13:49:36.657   -- File entry --
2026-10-01 13:49:36.657   Dest filename: C:\Users\runneradmin\AppData\Local\Programs\SHELTER\locales\sr_FEMININE.pak
2026-10-01 13:49:36.657   Time stamp of our file: 2026-10-01 13:46:58.000
2026-10-01 13:49:36.657   Installing the file.
2026-10-01 13:49:36.659   Successfully installed the file.
2026-10-01 13:49:36.659   -- File entry --
2026-10-01 13:49:36.659   Dest filename: C:\Users\runneradmin\AppData\Local\Programs\SHELTER\locales\sr_MASCULINE.pak
2026-10-01 13:49:36.659   Time stamp of our file: 2026-10-01 13:46:58.000
2026-10-01 13:49:36.659   Installing the file.
2026-10-01 13:49:36.661   Successfully installed the file.
2026-10-01 13:49:36.661   -- File entry --
2026-10-01 13:49:36.661   Dest filename: C:\Users\runneradmin\AppData\Local\Programs\SHELTER\locales\sr_NEUTER.pak
2026-10-01 13:49:36.661   Time stamp of our file: 2026-10-01 13:46:58.000
2026-10-01 13:49:36.661   Installing the file.
2026-10-01 13:49:36.663   Successfully installed the file.
2026-10-01 13:49:36.663   -- File entry --
2026-10-01 13:49:36.663   Dest filename: C:\Users\runneradmin\AppData\Local\Programs\SHELTER\locales\sv.pak
2026-10-01 13:49:36.663   Time stamp of our file: 2026-10-01 13:46:58.000
2026-10-01 13:49:36.663   Installing the file.
2026-10-01 13:49:36.680   Successfully installed the file.
2026-10-01 13:49:36.680   -- File entry --
2026-10-01 13:49:36.680   Dest filename: C:\Users\runneradmin\AppData\Local\Programs\SHELTER\locales\sv_FEMININE.pak
2026-10-01 13:49:36.680   Time stamp of our file: 2026-10-01 13:46:58.000
2026-10-01 13:49:36.680   Installing the file.
2026-10-01 13:49:36.682   Successfully installed the file.
2026-10-01 13:49:36.682   -- File entry --
2026-10-01 13:49:36.682   Dest filename: C:\Users\runneradmin\AppData\Local\Programs\SHELTER\locales\sv_MASCULINE.pak
2026-10-01 13:49:36.682   Time stamp of our file: 2026-10-01 13:46:58.000
2026-10-01 13:49:36.682   Installing the file.
2026-10-01 13:49:36.683   Successfully installed the file.
2026-10-01 13:49:36.683   -- File entry --
2026-10-01 13:49:36.684   Dest filename: C:\Users\runneradmin\AppData\Local\Programs\SHELTER\locales\sv_NEUTER.pak
2026-10-01 13:49:36.684   Time stamp of our file: 2026-10-01 13:46:58.000
2026-10-01 13:49:36.684   Installing the file.
2026-10-01 13:49:36.684   Successfully installed the file.
2026-10-01 13:49:36.684   -- File entry --
2026-10-01 13:49:36.684   Dest filename: C:\Users\runneradmin\AppData\Local\Programs\SHELTER\locales\sw.pak
2026-10-01 13:49:36.684   Time stamp of our file: 2026-10-01 13:46:58.000
2026-10-01 13:49:36.684   Installing the file.
2026-10-01 13:49:36.701   Successfully installed the file.
2026-10-01 13:49:36.701   -- File entry --
2026-10-01 13:49:36.701   Dest filename: C:\Users\runneradmin\AppData\Local\Programs\SHELTER\locales\sw_FEMININE.pak
2026-10-01 13:49:36.701   Time stamp of our file: 2026-10-01 13:46:58.000
2026-10-01 13:49:36.701   Installing the file.
2026-10-01 13:49:36.701   Successfully installed the file.
2026-10-01 13:49:36.703   -- File entry --
2026-10-01 13:49:36.703   Dest filename: C:\Users\runneradmin\AppData\Local\Programs\SHELTER\locales\sw_MASCULINE.pak
2026-10-01 13:49:36.703   Time stamp of our file: 2026-10-01 13:46:58.000
2026-10-01 13:49:36.703   Installing the file.
2026-10-01 13:49:36.703   Successfully installed the file.
2026-10-01 13:49:36.703   -- File entry --
2026-10-01 13:49:36.703   Dest filename: C:\Users\runneradmin\AppData\Local\Programs\SHELTER\locales\sw_NEUTER.pak
2026-10-01 13:49:36.703   Time stamp of our file: 2026-10-01 13:46:58.000
2026-10-01 13:49:36.703   Installing the file.
2026-10-01 13:49:36.705   Successfully installed the file.
2026-10-01 13:49:36.705   -- File entry --
2026-10-01 13:49:36.705   Dest filename: C:\Users\runneradmin\AppData\Local\Programs\SHELTER\locales\ta.pak
2026-10-01 13:49:36.705   Time stamp of our file: 2026-10-01 13:46:58.000
2026-10-01 13:49:36.705   Installing the file.
2026-10-01 13:49:36.735   Successfully installed the file.
2026-10-01 13:49:36.735   -- File entry --
2026-10-01 13:49:36.735   Dest filename: C:\Users\runneradmin\AppData\Local\Programs\SHELTER\locales\ta_FEMININE.pak
2026-10-01 13:49:36.735   Time stamp of our file: 2026-10-01 13:46:58.000
2026-10-01 13:49:36.735   Installing the file.
2026-10-01 13:49:36.735   Successfully installed the file.
2026-10-01 13:49:36.735   -- File entry --
2026-10-01 13:49:36.737   Dest filename: C:\Users\runneradmin\AppData\Local\Programs\SHELTER\locales\ta_MASCULINE.pak
2026-10-01 13:49:36.737   Time stamp of our file: 2026-10-01 13:46:58.000
2026-10-01 13:49:36.737   Installing the file.
2026-10-01 13:49:36.737   Successfully installed the file.
2026-10-01 13:49:36.737   -- File entry --
2026-10-01 13:49:36.737   Dest filename: C:\Users\runneradmin\AppData\Local\Programs\SHELTER\locales\ta_NEUTER.pak
2026-10-01 13:49:36.737   Time stamp of our file: 2026-10-01 13:46:58.000
2026-10-01 13:49:36.737   Installing the file.
2026-10-01 13:49:36.739   Successfully installed the file.
2026-10-01 13:49:36.739   -- File entry --
2026-10-01 13:49:36.739   Dest filename: C:\Users\runneradmin\AppData\Local\Programs\SHELTER\locales\te.pak
2026-10-01 13:49:36.739   Time stamp of our file: 2026-10-01 13:46:58.000
2026-10-01 13:49:36.739   Installing the file.
2026-10-01 13:49:36.766   Successfully installed the file.
2026-10-01 13:49:36.766   -- File entry --
2026-10-01 13:49:36.766   Dest filename: C:\Users\runneradmin\AppData\Local\Programs\SHELTER\locales\te_FEMININE.pak
2026-10-01 13:49:36.766   Time stamp of our file: 2026-10-01 13:46:58.000
2026-10-01 13:49:36.766   Installing the file.
2026-10-01 13:49:36.768   Successfully installed the file.
2026-10-01 13:49:36.768   -- File entry --
2026-10-01 13:49:36.768   Dest filename: C:\Users\runneradmin\AppData\Local\Programs\SHELTER\locales\te_MASCULINE.pak
2026-10-01 13:49:36.768   Time stamp of our file: 2026-10-01 13:46:58.000
2026-10-01 13:49:36.768   Installing the file.
2026-10-01 13:49:36.768   Successfully installed the file.
2026-10-01 13:49:36.768   -- File entry --
2026-10-01 13:49:36.768   Dest filename: C:\Users\runneradmin\AppData\Local\Programs\SHELTER\locales\te_NEUTER.pak
2026-10-01 13:49:36.768   Time stamp of our file: 2026-10-01 13:46:58.000
2026-10-01 13:49:36.768   Installing the file.
2026-10-01 13:49:36.770   Successfully installed the file.
2026-10-01 13:49:36.770   -- File entry --
2026-10-01 13:49:36.770   Dest filename: C:\Users\runneradmin\AppData\Local\Programs\SHELTER\locales\th.pak
2026-10-01 13:49:36.770   Time stamp of our file: 2026-10-01 13:46:58.000
2026-10-01 13:49:36.770   Installing the file.
2026-10-01 13:49:36.794   Successfully installed the file.
2026-10-01 13:49:36.794   -- File entry --
2026-10-01 13:49:36.794   Dest filename: C:\Users\runneradmin\AppData\Local\Programs\SHELTER\locales\th_FEMININE.pak
2026-10-01 13:49:36.794   Time stamp of our file: 2026-10-01 13:46:58.000
2026-10-01 13:49:36.794   Installing the file.
2026-10-01 13:49:36.796   Successfully installed the file.
2026-10-01 13:49:36.796   -- File entry --
2026-10-01 13:49:36.796   Dest filename: C:\Users\runneradmin\AppData\Local\Programs\SHELTER\locales\th_MASCULINE.pak
2026-10-01 13:49:36.796   Time stamp of our file: 2026-10-01 13:46:58.000
2026-10-01 13:49:36.796   Installing the file.
2026-10-01 13:49:36.796   Successfully installed the file.
2026-10-01 13:49:36.798   -- File entry --
2026-10-01 13:49:36.798   Dest filename: C:\Users\runneradmin\AppData\Local\Programs\SHELTER\locales\th_NEUTER.pak
2026-10-01 13:49:36.798   Time stamp of our file: 2026-10-01 13:46:58.000
2026-10-01 13:49:36.798   Installing the file.
2026-10-01 13:49:36.798   Successfully installed the file.
2026-10-01 13:49:36.798   -- File entry --
2026-10-01 13:49:36.798   Dest filename: C:\Users\runneradmin\AppData\Local\Programs\SHELTER\locales\tr.pak
2026-10-01 13:49:36.798   Time stamp of our file: 2026-10-01 13:46:58.000
2026-10-01 13:49:36.798   Installing the file.
2026-10-01 13:49:36.816   Successfully installed the file.
2026-10-01 13:49:36.816   -- File entry --
2026-10-01 13:49:36.816   Dest filename: C:\Users\runneradmin\AppData\Local\Programs\SHELTER\locales\tr_FEMININE.pak
2026-10-01 13:49:36.816   Time stamp of our file: 2026-10-01 13:46:58.000
2026-10-01 13:49:36.816   Installing the file.
2026-10-01 13:49:36.816   Successfully installed the file.
2026-10-01 13:49:36.816   -- File entry --
2026-10-01 13:49:36.816   Dest filename: C:\Users\runneradmin\AppData\Local\Programs\SHELTER\locales\tr_MASCULINE.pak
2026-10-01 13:49:36.816   Time stamp of our file: 2026-10-01 13:46:58.000
2026-10-01 13:49:36.816   Installing the file.
2026-10-01 13:49:36.818   Successfully installed the file.
2026-10-01 13:49:36.818   -- File entry --
2026-10-01 13:49:36.818   Dest filename: C:\Users\runneradmin\AppData\Local\Programs\SHELTER\locales\tr_NEUTER.pak
2026-10-01 13:49:36.818   Time stamp of our file: 2026-10-01 13:46:58.000
2026-10-01 13:49:36.818   Installing the file.
2026-10-01 13:49:36.820   Successfully installed the file.
2026-10-01 13:49:36.820   -- File entry --
2026-10-01 13:49:36.820   Dest filename: C:\Users\runneradmin\AppData\Local\Programs\SHELTER\locales\uk.pak
2026-10-01 13:49:36.820   Time stamp of our file: 2026-10-01 13:46:58.000
2026-10-01 13:49:36.820   Installing the file.
2026-10-01 13:49:36.842   Successfully installed the file.
2026-10-01 13:49:36.842   -- File entry --
2026-10-01 13:49:36.844   Dest filename: C:\Users\runneradmin\AppData\Local\Programs\SHELTER\locales\uk_FEMININE.pak
2026-10-01 13:49:36.844   Time stamp of our file: 2026-10-01 13:46:58.000
2026-10-01 13:49:36.844   Installing the file.
2026-10-01 13:49:36.844   Successfully installed the file.
2026-10-01 13:49:36.844   -- File entry --
2026-10-01 13:49:36.844   Dest filename: C:\Users\runneradmin\AppData\Local\Programs\SHELTER\locales\uk_MASCULINE.pak
2026-10-01 13:49:36.844   Time stamp of our file: 2026-10-01 13:46:58.000
2026-10-01 13:49:36.844   Installing the file.
2026-10-01 13:49:36.846   Successfully installed the file.
2026-10-01 13:49:36.846   -- File entry --
2026-10-01 13:49:36.846   Dest filename: C:\Users\runneradmin\AppData\Local\Programs\SHELTER\locales\uk_NEUTER.pak
2026-10-01 13:49:36.846   Time stamp of our file: 2026-10-01 13:46:58.000
2026-10-01 13:49:36.846   Installing the file.
2026-10-01 13:49:36.848   Successfully installed the file.
2026-10-01 13:49:36.848   -- File entry --
2026-10-01 13:49:36.848   Dest filename: C:\Users\runneradmin\AppData\Local\Programs\SHELTER\locales\ur.pak
2026-10-01 13:49:36.848   Time stamp of our file: 2026-10-01 13:46:58.000
2026-10-01 13:49:36.848   Installing the file.
2026-10-01 13:49:36.867   Successfully installed the file.
2026-10-01 13:49:36.867   -- File entry --
2026-10-01 13:49:36.867   Dest filename: C:\Users\runneradmin\AppData\Local\Programs\SHELTER\locales\ur_FEMININE.pak
2026-10-01 13:49:36.867   Time stamp of our file: 2026-10-01 13:46:58.000
2026-10-01 13:49:36.867   Installing the file.
2026-10-01 13:49:36.869   Successfully installed the file.
2026-10-01 13:49:36.869   -- File entry --
2026-10-01 13:49:36.869   Dest filename: C:\Users\runneradmin\AppData\Local\Programs\SHELTER\locales\ur_MASCULINE.pak
2026-10-01 13:49:36.869   Time stamp of our file: 2026-10-01 13:46:58.000
2026-10-01 13:49:36.869   Installing the file.
2026-10-01 13:49:36.871   Successfully installed the file.
2026-10-01 13:49:36.871   -- File entry --
2026-10-01 13:49:36.871   Dest filename: C:\Users\runneradmin\AppData\Local\Programs\SHELTER\locales\ur_NEUTER.pak
2026-10-01 13:49:36.871   Time stamp of our file: 2026-10-01 13:46:58.000
2026-10-01 13:49:36.871   Installing the file.
2026-10-01 13:49:36.871   Successfully installed the file.
2026-10-01 13:49:36.871   -- File entry --
2026-10-01 13:49:36.871   Dest filename: C:\Users\runneradmin\AppData\Local\Programs\SHELTER\locales\vi.pak
2026-10-01 13:49:36.871   Time stamp of our file: 2026-10-01 13:46:58.000
2026-10-01 13:49:36.871   Installing the file.
2026-10-01 13:49:36.889   Successfully installed the file.
2026-10-01 13:49:36.889   -- File entry --
2026-10-01 13:49:36.891   Dest filename: C:\Users\runneradmin\AppData\Local\Programs\SHELTER\locales\vi_FEMININE.pak
2026-10-01 13:49:36.891   Time stamp of our file: 2026-10-01 13:46:58.000
2026-10-01 13:49:36.891   Installing the file.
2026-10-01 13:49:36.891   Successfully installed the file.
2026-10-01 13:49:36.891   -- File entry --
2026-10-01 13:49:36.891   Dest filename: C:\Users\runneradmin\AppData\Local\Programs\SHELTER\locales\vi_MASCULINE.pak
2026-10-01 13:49:36.891   Time stamp of our file: 2026-10-01 13:46:58.000
2026-10-01 13:49:36.891   Installing the file.
2026-10-01 13:49:36.895   Successfully installed the file.
2026-10-01 13:49:36.895   -- File entry --
2026-10-01 13:49:36.895   Dest filename: C:\Users\runneradmin\AppData\Local\Programs\SHELTER\locales\vi_NEUTER.pak
2026-10-01 13:49:36.895   Time stamp of our file: 2026-10-01 13:46:58.000
2026-10-01 13:49:36.895   Installing the file.
2026-10-01 13:49:36.897   Successfully installed the file.
2026-10-01 13:49:36.897   -- File entry --
2026-10-01 13:49:36.897   Dest filename: C:\Users\runneradmin\AppData\Local\Programs\SHELTER\locales\zh-CN.pak
2026-10-01 13:49:36.897   Time stamp of our file: 2026-10-01 13:46:58.000
2026-10-01 13:49:36.897   Installing the file.
2026-10-01 13:49:36.911   Successfully installed the file.
2026-10-01 13:49:36.911   -- File entry --
2026-10-01 13:49:36.911   Dest filename: C:\Users\runneradmin\AppData\Local\Programs\SHELTER\locales\zh-CN_FEMININE.pak
2026-10-01 13:49:36.911   Time stamp of our file: 2026-10-01 13:46:58.000
2026-10-01 13:49:36.911   Installing the file.
2026-10-01 13:49:36.913   Successfully installed the file.
2026-10-01 13:49:36.913   -- File entry --
2026-10-01 13:49:36.913   Dest filename: C:\Users\runneradmin\AppData\Local\Programs\SHELTER\locales\zh-CN_MASCULINE.pak
2026-10-01 13:49:36.913   Time stamp of our file: 2026-10-01 13:46:58.000
2026-10-01 13:49:36.913   Installing the file.
2026-10-01 13:49:36.916   Successfully installed the file.
2026-10-01 13:49:36.916   -- File entry --
2026-10-01 13:49:36.916   Dest filename: C:\Users\runneradmin\AppData\Local\Programs\SHELTER\locales\zh-CN_NEUTER.pak
2026-10-01 13:49:36.916   Time stamp of our file: 2026-10-01 13:46:58.000
2026-10-01 13:49:36.916   Installing the file.
2026-10-01 13:49:36.917   Successfully installed the file.
2026-10-01 13:49:36.917   -- File entry --
2026-10-01 13:49:36.917   Dest filename: C:\Users\runneradmin\AppData\Local\Programs\SHELTER\locales\zh-TW.pak
2026-10-01 13:49:36.917   Time stamp of our file: 2026-10-01 13:46:58.000
2026-10-01 13:49:36.917   Installing the file.
2026-10-01 13:49:36.931   Successfully installed the file.
2026-10-01 13:49:36.931   -- File entry --
2026-10-01 13:49:36.931   Dest filename: C:\Users\runneradmin\AppData\Local\Programs\SHELTER\locales\zh-TW_FEMININE.pak
2026-10-01 13:49:36.931   Time stamp of our file: 2026-10-01 13:46:58.000
2026-10-01 13:49:36.931   Installing the file.
2026-10-01 13:49:36.933   Successfully installed the file.
2026-10-01 13:49:36.933   -- File entry --
2026-10-01 13:49:36.933   Dest filename: C:\Users\runneradmin\AppData\Local\Programs\SHELTER\locales\zh-TW_MASCULINE.pak
2026-10-01 13:49:36.933   Time stamp of our file: 2026-10-01 13:46:58.000
2026-10-01 13:49:36.933   Installing the file.
2026-10-01 13:49:36.933   Successfully installed the file.
2026-10-01 13:49:36.933   -- File entry --
2026-10-01 13:49:36.933   Dest filename: C:\Users\runneradmin\AppData\Local\Programs\SHELTER\locales\zh-TW_NEUTER.pak
2026-10-01 13:49:36.935   Time stamp of our file: 2026-10-01 13:46:58.000
2026-10-01 13:49:36.935   Installing the file.
2026-10-01 13:49:36.935   Successfully installed the file.
2026-10-01 13:49:36.935   -- File entry --
2026-10-01 13:49:36.935   Dest filename: C:\Users\runneradmin\AppData\Local\Programs\SHELTER\ui\host-bridge.js
2026-10-01 13:49:36.935   Time stamp of our file: 2026-10-01 13:46:58.000
2026-10-01 13:49:36.935   Installing the file.
2026-10-01 13:49:36.935   Creating directory: C:\Users\runneradmin\AppData\Local\Programs\SHELTER\ui
2026-10-01 13:49:36.937   Successfully installed the file.
2026-10-01 13:49:36.937   -- File entry --
2026-10-01 13:49:36.937   Dest filename: C:\Users\runneradmin\AppData\Local\Programs\SHELTER\ui\icon-256.png
2026-10-01 13:49:36.937   Time stamp of our file: 2026-10-01 13:46:58.000
2026-10-01 13:49:36.937   Installing the file.
2026-10-01 13:49:36.941   Successfully installed the file.
2026-10-01 13:49:36.941   -- File entry --
2026-10-01 13:49:36.941   Dest filename: C:\Users\runneradmin\AppData\Local\Programs\SHELTER\ui\index.html
2026-10-01 13:49:36.941   Time stamp of our file: 2026-10-01 13:46:58.000
2026-10-01 13:49:36.941   Installing the file.
2026-10-01 13:49:36.955   Successfully installed the file.
2026-10-01 13:49:36.955   -- Icon entry --
2026-10-01 13:49:36.955   Dest filename: C:\Users\runneradmin\AppData\Roaming\Microsoft\Windows\Start Menu\Programs\SHELTER.lnk
2026-10-01 13:49:36.957   Creating the icon.
2026-10-01 13:49:37.979   Successfully created the icon.
2026-10-01 13:49:37.988   Saving uninstall information.
2026-10-01 13:49:37.988   Creating new uninstall key: HKEY_CURRENT_USER\Software\Microsoft\Windows\CurrentVersion\Uninstall\{7C1E4B3A-5D0F-4C0B-9A57-3E2B8F1D6A90}_is1
2026-10-01 13:49:37.988   Writing uninstall key values.
2026-10-01 13:49:37.988   Detected previous administrative 64-bit install? No
2026-10-01 13:49:37.988   Detected previous administrative 32-bit install? No
2026-10-01 13:49:38.006   Installation process succeeded.
2026-10-01 13:49:38.008   Need to restart Windows? No
2026-10-01 13:49:38.012   Deinitializing Setup.
2026-10-01 13:49:38.023   Log closed.
