== подпись (ad-hoc), изнутри наружу
--prepared:/private/var/folders/20/jp1_0n3n7kndh6rnbqb5344m0000gn/T/tmp.nlYhqkMJoo/SHELTER.app/Contents/Frameworks/Shelter Helper (GPU).app
--validated:/private/var/folders/20/jp1_0n3n7kndh6rnbqb5344m0000gn/T/tmp.nlYhqkMJoo/SHELTER.app/Contents/Frameworks/Shelter Helper (GPU).app
--prepared:/private/var/folders/20/jp1_0n3n7kndh6rnbqb5344m0000gn/T/tmp.nlYhqkMJoo/SHELTER.app/Contents/Frameworks/Shelter Helper (Alerts).app
--validated:/private/var/folders/20/jp1_0n3n7kndh6rnbqb5344m0000gn/T/tmp.nlYhqkMJoo/SHELTER.app/Contents/Frameworks/Shelter Helper (Alerts).app
--prepared:/private/var/folders/20/jp1_0n3n7kndh6rnbqb5344m0000gn/T/tmp.nlYhqkMJoo/SHELTER.app/Contents/Frameworks/Shelter Helper (Plugin).app
--validated:/private/var/folders/20/jp1_0n3n7kndh6rnbqb5344m0000gn/T/tmp.nlYhqkMJoo/SHELTER.app/Contents/Frameworks/Shelter Helper (Plugin).app
--prepared:/private/var/folders/20/jp1_0n3n7kndh6rnbqb5344m0000gn/T/tmp.nlYhqkMJoo/SHELTER.app/Contents/Frameworks/Shelter Helper.app
--validated:/private/var/folders/20/jp1_0n3n7kndh6rnbqb5344m0000gn/T/tmp.nlYhqkMJoo/SHELTER.app/Contents/Frameworks/Shelter Helper.app
--prepared:/private/var/folders/20/jp1_0n3n7kndh6rnbqb5344m0000gn/T/tmp.nlYhqkMJoo/SHELTER.app/Contents/Frameworks/Chromium Embedded Framework.framework/Versions/Current/.
--validated:/private/var/folders/20/jp1_0n3n7kndh6rnbqb5344m0000gn/T/tmp.nlYhqkMJoo/SHELTER.app/Contents/Frameworks/Chromium Embedded Framework.framework/Versions/Current/.
--prepared:/private/var/folders/20/jp1_0n3n7kndh6rnbqb5344m0000gn/T/tmp.nlYhqkMJoo/SHELTER.app/Contents/Frameworks/Shelter Helper (Renderer).app
--validated:/private/var/folders/20/jp1_0n3n7kndh6rnbqb5344m0000gn/T/tmp.nlYhqkMJoo/SHELTER.app/Contents/Frameworks/Shelter Helper (Renderer).app
/var/folders/20/jp1_0n3n7kndh6rnbqb5344m0000gn/T/tmp.nlYhqkMJoo/SHELTER.app: valid on disk
/var/folders/20/jp1_0n3n7kndh6rnbqb5344m0000gn/T/tmp.nlYhqkMJoo/SHELTER.app: satisfies its Designated Requirement
== создание DMG
created: /Users/runner/work/CEF_SHEL/CEF_SHEL/dist/SHELTER-macos-x64.dmg
Checksumming Protective Master Boot Record (MBR : 0)…
Protective Master Boot Record (MBR :: verified   CRC32 $7B2BD965
Checksumming GPT Header (Primary GPT Header : 1)…
 GPT Header (Primary GPT Header : 1): verified   CRC32 $9897E165
Checksumming GPT Partition Data (Primary GPT Table : 2)…
GPT Partition Data (Primary GPT Tabl: verified   CRC32 $07F1F51A
Checksumming  (Apple_Free : 3)…
                    (Apple_Free : 3): verified   CRC32 $00000000
Checksumming disk image (Apple_HFS : 4)…
          disk image (Apple_HFS : 4): verified   CRC32 $361FACE4
Checksumming  (Apple_Free : 5)…
                    (Apple_Free : 5): verified   CRC32 $00000000
Checksumming GPT Partition Data (Backup GPT Table : 6)…
GPT Partition Data (Backup GPT Table: verified   CRC32 $07F1F51A
Checksumming GPT Header (Backup GPT Header : 7)…
  GPT Header (Backup GPT Header : 7): verified   CRC32 $93F9F57F
verified   CRC32 $DF2E7402
hdiutil: verify: checksum of "dist/SHELTER-macos-x64.dmg" is VALID
-rw-r--r--@ 1 runner  staff  172656067 Oct  1 13:45 dist/SHELTER-macos-x64.dmg
